<html>
<body>
<pre>
<h1>µVision Build Log</h1>
<h2>Tool Versions:</h2>
IDE-Version: ¦ÌVision V5.23.0.0
Copyright (C) 2017 ARM Ltd and ARM Germany GmbH. All rights reserved.
License Information: lin lin, Microsoft, LIC=1WS45-GHGIB-D0ZN3-AD61N-PS14N-GNYAD
 
Tool Versions:
Toolchain:       MDK-ARM Professional  Version: 5.23
Toolchain Path:  E:\keil\ARM\ARMCC\Bin
C Compiler:      Armcc.exe V5.06 update 4 (build 422)
Assembler:       Armasm.exe V5.06 update 4 (build 422)
Linker/Locator:  ArmLink.exe V5.06 update 4 (build 422)
Library Manager: ArmAr.exe V5.06 update 4 (build 422)
Hex Converter:   FromElf.exe V5.06 update 4 (build 422)
CPU DLL:         SARMCM3.DLL V5.23
Dialog DLL:      DARMCM1.DLL V1.17.0.0
Target DLL:      STLink\ST-LINKIII-KEIL_SWO.dll V2.0.18.0
Dialog DLL:      TARMCM1.DLL V1.12.0.0
 
<h2>Project:</h2>
C:\Users\test\Desktop\software\USBComp_MSC_CDC\USBComp_MSC_CDC.uvprojx
Project File Date:  01/19/2018

<h2>Output:</h2>
*** Using Compiler 'V5.06 update 4 (build 422)', folder: 'E:\keil\ARM\ARMCC\Bin'
Rebuild target 'USBComp_Release'
assembling startup_LPC11Uxx.s...
compiling core_cm0.c...
compiling system_LPC11Uxx.c...
compiling usbcore.c...
compiling usbhw.c...
compiling mscuser.c...
compiling cdcuser.c...
compiling usbdesc.c...
compiling usbuser.c...
compiling DiskImg.c...
compiling serial.c...
compiling demo.c...
linking...
Program Size: Code=7716 RO-data=4660 RW-data=104 ZI-data=3632  
FromELF: creating hex file...
After Build - User command #1: E:\keil\\ARM\BIN\ELFDWT.EXE .\Obj\USBComp.axf BASEADDRESS(0x0)
ELFDWT - Signature Creator V1.2.0.0
COPYRIGHT Copyright (C) 2014-2016, ARM Ldt. and  ARM Germany GmbH
*** Updated Signature over Range[32] (0x00000000 - 0x00000018): @0x0000001C = 0xEFFFE7DF
*** Processing completed, no Errors.
".\Obj\USBComp.axf" - 0 Error(s), 0 Warning(s).

<h2>Collection of Component include folders:</h2>
  .\RTE\_USBComp_Release
  E:\keil\ARM\PACK\Keil\LPC1100_DFP\1.4.0\Device\Include\LPC11Uxx

<h2>Collection of Component Files used:</h2>
Build Time Elapsed:  00:00:05
</pre>
</body>
</html>
