Component: ARM Compiler 5.05 update 2 (build 169) Tool: armlink [4d0f33]

==============================================================================

Section Cross References

    system_lpc11uxx.o(.text) refers to system_lpc11uxx.o(i.__ARM_common_switch8) for __ARM_common_switch8
    system_lpc11uxx.o(.text) refers to aeabi_sdiv.o(.text) for __aeabi_uidivmod
    system_lpc11uxx.o(.text) refers to system_lpc11uxx.o(.data) for .data
    startup_lpc11uxx.o(STACK) refers (Special) to heapauxi.o(.text) for __use_two_region_memory
    startup_lpc11uxx.o(HEAP) refers (Special) to heapauxi.o(.text) for __use_two_region_memory
    startup_lpc11uxx.o(RESET) refers (Special) to heapauxi.o(.text) for __use_two_region_memory
    startup_lpc11uxx.o(RESET) refers to startup_lpc11uxx.o(STACK) for __initial_sp
    startup_lpc11uxx.o(RESET) refers to startup_lpc11uxx.o(.text) for Reset_Handler
    startup_lpc11uxx.o(RESET) refers to serial.o(.text) for UART_IRQHandler
    startup_lpc11uxx.o(RESET) refers to usbhw.o(.text) for USB_IRQHandler
    startup_lpc11uxx.o(.text) refers (Special) to heapauxi.o(.text) for __use_two_region_memory
    startup_lpc11uxx.o(.text) refers to system_lpc11uxx.o(.text) for SystemInit
    startup_lpc11uxx.o(.text) refers to __main.o(!!!main) for __main
    startup_lpc11uxx.o(.text) refers to startup_lpc11uxx.o(HEAP) for Heap_Mem
    startup_lpc11uxx.o(.text) refers to startup_lpc11uxx.o(STACK) for Stack_Mem
    usbcore.o(.text) refers to usbhw.o(.text) for USB_ReadSetupEP
    usbcore.o(.text) refers to system_lpc11uxx.o(i.__ARM_common_switch8) for __ARM_common_switch8
    usbcore.o(.text) refers to usbcore.o(i.USB_ReqGetStatus) for USB_ReqGetStatus
    usbcore.o(.text) refers to usbcore.o(i.USB_ReqSetClrFeature) for USB_ReqSetClrFeature
    usbcore.o(.text) refers to usbcore.o(i.USB_ReqGetDescriptor) for USB_ReqGetDescriptor
    usbcore.o(.text) refers to usbcore.o(i.USB_ReqSetConfiguration) for USB_ReqSetConfiguration
    usbcore.o(.text) refers to usbcore.o(i.USB_ReqSetInterface) for USB_ReqSetInterface
    usbcore.o(.text) refers to hiduser.o(.text) for HID_GetReport
    usbcore.o(.text) refers to cdcuser.o(.text) for CDC_GetEncapsulatedResponse
    usbcore.o(.text) refers to usbcore.o(.data) for .data
    usbcore.o(.text) refers to usbcore.o(.bss) for .bss
    usbhw.o(.text) refers to uwrite4.o(.text) for __aeabi_uwrite4
    usbhw.o(.text) refers to usbhw.o(.bss) for .bss
    usbhw.o(.text) refers to usbhw.o(.data) for .data
    usbhw.o(.text) refers to usbcore.o(.data) for USB_DeviceStatus
    usbhw.o(.text) refers to uread4.o(.text) for __aeabi_uread4
    usbhw.o(.text) refers to usbuser.o(.text) for USB_Reset_Event
    usbhw.o(.text) refers to usbuser.o(.constdata) for USB_P_EP
    hiduser.o(.text) refers to demo.o(.text) for GetInReport
    hiduser.o(.text) refers to usbcore.o(.data) for SetupPacket
    hiduser.o(.text) refers to demo.o(.data) for InReport
    hiduser.o(.text) refers to usbcore.o(.bss) for EP0Buf
    hiduser.o(.text) refers to hiduser.o(.data) for .data
    cdcuser.o(.text) refers to serial.o(.text) for ser_LineState
    cdcuser.o(.text) refers to uread4.o(.text) for __aeabi_uread4
    cdcuser.o(.text) refers to uwrite4.o(.text) for __aeabi_uwrite4
    cdcuser.o(.text) refers to usbhw.o(.text) for USB_WriteEP
    cdcuser.o(.text) refers to cdcuser.o(.bss) for .bss
    cdcuser.o(.text) refers to cdcuser.o(.data) for .data
    cdcuser.o(.text) refers to usbcore.o(.bss) for EP0Buf
    serial.o(.text) refers to aeabi_sdiv.o(.text) for __aeabi_uidivmod
    serial.o(.text) refers to serial.o(.bss) for .bss
    serial.o(.text) refers to system_lpc11uxx.o(.data) for SystemCoreClock
    serial.o(.text) refers to serial.o(.data) for .data
    usbdesc.o(.data) refers to usbdesc.o(.constdata) for USB_ConfigDescriptor
    usbuser.o(.text) refers to usbcore.o(.text) for USB_ResetCore
    usbuser.o(.text) refers to cdcuser.o(.text) for CDC_StartOfFrame
    usbuser.o(.text) refers to usbhw.o(.text) for USB_ReadEP
    usbuser.o(.text) refers to demo.o(.text) for SetOutReport
    usbuser.o(.text) refers to usbuser.o(.data) for .data
    usbuser.o(.text) refers to demo.o(.data) for OutReport
    usbuser.o(.constdata) refers to usbcore.o(.text) for USB_EndPoint0
    usbuser.o(.constdata) refers to usbuser.o(.text) for USB_EndPoint1
    demo.o(.text) refers to usbhw.o(.text) for Endpoint_IsINReady
    demo.o(.text) refers to cdcuser.o(.text) for CDC_Init
    demo.o(.text) refers to serial.o(.text) for ser_AvailChar
    demo.o(.text) refers to system_lpc11uxx.o(.text) for SystemCoreClockUpdate
    demo.o(.text) refers to demo.o(.data) for .data
    demo.o(.text) refers to usbcore.o(.data) for USB_Configuration
    demo.o(.text) refers to cdcuser.o(.data) for CDC_DepInEmpty
    demo.o(.text) refers to demo.o(.bss) for .bss
    __main.o(!!!main) refers to __rtentry.o(.ARM.Collect$$rtentry$$00000000) for __rt_entry
    __rtentry.o(.ARM.Collect$$rtentry$$00000000) refers (Special) to __rtentry2.o(.ARM.Collect$$rtentry$$0000000A) for __rt_entry_li
    __rtentry.o(.ARM.Collect$$rtentry$$00000000) refers (Special) to __rtentry2.o(.ARM.Collect$$rtentry$$0000000D) for __rt_entry_main
    __rtentry.o(.ARM.Collect$$rtentry$$00000000) refers (Special) to __rtentry2.o(.ARM.Collect$$rtentry$$0000000C) for __rt_entry_postli_1
    __rtentry.o(.ARM.Collect$$rtentry$$00000000) refers (Special) to __rtentry2.o(.ARM.Collect$$rtentry$$00000009) for __rt_entry_postsh_1
    __rtentry.o(.ARM.Collect$$rtentry$$00000000) refers (Special) to __rtentry2.o(.ARM.Collect$$rtentry$$00000002) for __rt_entry_presh_1
    __rtentry.o(.ARM.Collect$$rtentry$$00000000) refers (Special) to __rtentry4.o(.ARM.Collect$$rtentry$$00000004) for __rt_entry_sh
    aeabi_idiv0_sigfpe.o(.text) refers to rt_div0.o(.text) for __rt_div0
    __rtentry2.o(.ARM.Collect$$rtentry$$00000008) refers to boardinit2.o(.text) for _platform_post_stackheap_init
    __rtentry2.o(.ARM.Collect$$rtentry$$0000000A) refers to libinit.o(.ARM.Collect$$libinit$$00000000) for __rt_lib_init
    __rtentry2.o(.ARM.Collect$$rtentry$$0000000B) refers to boardinit3.o(.text) for _platform_post_lib_init
    __rtentry2.o(.ARM.Collect$$rtentry$$0000000D) refers to demo.o(.text) for main
    __rtentry2.o(.ARM.Collect$$rtentry$$0000000D) refers to exit.o(.text) for exit
    __rtentry2.o(.ARM.exidx) refers to __rtentry2.o(.ARM.Collect$$rtentry$$00000001) for .ARM.Collect$$rtentry$$00000001
    __rtentry2.o(.ARM.exidx) refers to __rtentry2.o(.ARM.Collect$$rtentry$$00000008) for .ARM.Collect$$rtentry$$00000008
    __rtentry2.o(.ARM.exidx) refers to __rtentry2.o(.ARM.Collect$$rtentry$$0000000A) for .ARM.Collect$$rtentry$$0000000A
    __rtentry2.o(.ARM.exidx) refers to __rtentry2.o(.ARM.Collect$$rtentry$$0000000B) for .ARM.Collect$$rtentry$$0000000B
    __rtentry2.o(.ARM.exidx) refers to __rtentry2.o(.ARM.Collect$$rtentry$$0000000D) for .ARM.Collect$$rtentry$$0000000D
    __rtentry4.o(.ARM.Collect$$rtentry$$00000004) refers to sys_stackheap_outer.o(.text) for __user_setup_stackheap
    __rtentry4.o(.ARM.exidx) refers to __rtentry4.o(.ARM.Collect$$rtentry$$00000004) for .ARM.Collect$$rtentry$$00000004
    rt_div0.o(.text) refers to defsig_fpe_outer.o(.text) for __rt_SIGFPE
    sys_stackheap_outer.o(.text) refers to libspace.o(.text) for __user_perproc_libspace
    sys_stackheap_outer.o(.text) refers to startup_lpc11uxx.o(.text) for __user_initial_stackheap
    sys_stackheap_outer.o(__vectab_stack_and_reset_area) refers to tempstk.o(.text) for __temporary_stack_top
    sys_stackheap_outer.o(__vectab_stack_and_reset_area) refers to __main.o(!!!main) for __main
    exit.o(.text) refers to rtexit.o(.ARM.Collect$$rtexit$$00000000) for __rt_exit
    defsig_fpe_outer.o(.text) refers to defsig_fpe_inner.o(.text) for __rt_SIGFPE_inner
    defsig_fpe_outer.o(.text) refers to defsig_exit.o(.text) for __sig_exit
    defsig_fpe_formal.o(.text) refers to rt_raise.o(.text) for __rt_raise
    libinit.o(.ARM.Collect$$libinit$$00000000) refers (Special) to libinit2.o(.ARM.Collect$$libinit$$0000002E) for __rt_lib_init_alloca_1
    libinit.o(.ARM.Collect$$libinit$$00000000) refers (Special) to libinit2.o(.ARM.Collect$$libinit$$0000002C) for __rt_lib_init_argv_1
    libinit.o(.ARM.Collect$$libinit$$00000000) refers (Special) to libinit2.o(.ARM.Collect$$libinit$$0000001B) for __rt_lib_init_atexit_1
    libinit.o(.ARM.Collect$$libinit$$00000000) refers (Special) to libinit2.o(.ARM.Collect$$libinit$$00000021) for __rt_lib_init_clock_1
    libinit.o(.ARM.Collect$$libinit$$00000000) refers (Special) to libinit2.o(.ARM.Collect$$libinit$$00000032) for __rt_lib_init_cpp_1
    libinit.o(.ARM.Collect$$libinit$$00000000) refers (Special) to libinit2.o(.ARM.Collect$$libinit$$00000030) for __rt_lib_init_exceptions_1
    libinit.o(.ARM.Collect$$libinit$$00000000) refers (Special) to libinit2.o(.ARM.Collect$$libinit$$00000002) for __rt_lib_init_fp_1
    libinit.o(.ARM.Collect$$libinit$$00000000) refers (Special) to libinit2.o(.ARM.Collect$$libinit$$0000001F) for __rt_lib_init_fp_trap_1
    libinit.o(.ARM.Collect$$libinit$$00000000) refers (Special) to libinit2.o(.ARM.Collect$$libinit$$00000023) for __rt_lib_init_getenv_1
    libinit.o(.ARM.Collect$$libinit$$00000000) refers (Special) to libinit2.o(.ARM.Collect$$libinit$$0000000A) for __rt_lib_init_heap_1
    libinit.o(.ARM.Collect$$libinit$$00000000) refers (Special) to libinit2.o(.ARM.Collect$$libinit$$00000011) for __rt_lib_init_lc_collate_1
    libinit.o(.ARM.Collect$$libinit$$00000000) refers (Special) to libinit2.o(.ARM.Collect$$libinit$$00000013) for __rt_lib_init_lc_ctype_1
    libinit.o(.ARM.Collect$$libinit$$00000000) refers (Special) to libinit2.o(.ARM.Collect$$libinit$$00000015) for __rt_lib_init_lc_monetary_1
    libinit.o(.ARM.Collect$$libinit$$00000000) refers (Special) to libinit2.o(.ARM.Collect$$libinit$$00000017) for __rt_lib_init_lc_numeric_1
    libinit.o(.ARM.Collect$$libinit$$00000000) refers (Special) to libinit2.o(.ARM.Collect$$libinit$$00000019) for __rt_lib_init_lc_time_1
    libinit.o(.ARM.Collect$$libinit$$00000000) refers (Special) to libinit2.o(.ARM.Collect$$libinit$$00000004) for __rt_lib_init_preinit_1
    libinit.o(.ARM.Collect$$libinit$$00000000) refers (Special) to libinit2.o(.ARM.Collect$$libinit$$0000000E) for __rt_lib_init_rand_1
    libinit.o(.ARM.Collect$$libinit$$00000000) refers (Special) to libinit2.o(.ARM.Collect$$libinit$$00000033) for __rt_lib_init_return
    libinit.o(.ARM.Collect$$libinit$$00000000) refers (Special) to libinit2.o(.ARM.Collect$$libinit$$0000001D) for __rt_lib_init_signal_1
    libinit.o(.ARM.Collect$$libinit$$00000000) refers (Special) to libinit2.o(.ARM.Collect$$libinit$$00000025) for __rt_lib_init_stdio_1
    libinit.o(.ARM.Collect$$libinit$$00000000) refers (Special) to libinit2.o(.ARM.Collect$$libinit$$0000000C) for __rt_lib_init_user_alloc_1
    libspace.o(.text) refers to libspace.o(.bss) for __libspace_start
    rtexit.o(.ARM.Collect$$rtexit$$00000000) refers (Special) to rtexit2.o(.ARM.Collect$$rtexit$$00000004) for __rt_exit_exit
    rtexit.o(.ARM.Collect$$rtexit$$00000000) refers (Special) to rtexit2.o(.ARM.Collect$$rtexit$$00000003) for __rt_exit_ls
    rtexit.o(.ARM.Collect$$rtexit$$00000000) refers (Special) to rtexit2.o(.ARM.Collect$$rtexit$$00000002) for __rt_exit_prels_1
    rtexit.o(.ARM.exidx) refers (Special) to rtexit2.o(.ARM.Collect$$rtexit$$00000004) for __rt_exit_exit
    rtexit.o(.ARM.exidx) refers (Special) to rtexit2.o(.ARM.Collect$$rtexit$$00000003) for __rt_exit_ls
    rtexit.o(.ARM.exidx) refers (Special) to rtexit2.o(.ARM.Collect$$rtexit$$00000002) for __rt_exit_prels_1
    rtexit.o(.ARM.exidx) refers to rtexit.o(.ARM.Collect$$rtexit$$00000000) for .ARM.Collect$$rtexit$$00000000
    rt_raise.o(.text) refers to __raise.o(.text) for __raise
    rt_raise.o(.text) refers to sys_exit.o(.text) for _sys_exit
    defsig_exit.o(.text) refers to sys_exit.o(.text) for _sys_exit
    defsig_fpe_inner.o(.text) refers to defsig_general.o(.text) for __default_signal_display
    libinit2.o(.ARM.Collect$$libinit$$00000010) refers to libinit2.o(.ARM.Collect$$libinit$$0000000F) for .ARM.Collect$$libinit$$0000000F
    libinit2.o(.ARM.Collect$$libinit$$00000012) refers to libinit2.o(.ARM.Collect$$libinit$$0000000F) for .ARM.Collect$$libinit$$0000000F
    libinit2.o(.ARM.Collect$$libinit$$00000014) refers to libinit2.o(.ARM.Collect$$libinit$$0000000F) for .ARM.Collect$$libinit$$0000000F
    libinit2.o(.ARM.Collect$$libinit$$00000016) refers to libinit2.o(.ARM.Collect$$libinit$$0000000F) for .ARM.Collect$$libinit$$0000000F
    libinit2.o(.ARM.Collect$$libinit$$00000018) refers to libinit2.o(.ARM.Collect$$libinit$$0000000F) for .ARM.Collect$$libinit$$0000000F
    libinit2.o(.ARM.Collect$$libinit$$00000026) refers to argv_veneer.o(.text) for __ARM_argv_veneer
    libinit2.o(.ARM.Collect$$libinit$$00000027) refers to argv_veneer.o(.text) for __ARM_argv_veneer
    sys_exit.o(.text) refers (Special) to use_no_semi.o(.text) for __I$use$semihosting
    sys_exit.o(.text) refers (Special) to indicate_semi.o(.text) for __semihosting_library_function
    rtexit2.o(.ARM.Collect$$rtexit$$00000003) refers to libshutdown.o(.ARM.Collect$$libshutdown$$00000000) for __rt_lib_shutdown
    rtexit2.o(.ARM.Collect$$rtexit$$00000004) refers to sys_exit.o(.text) for _sys_exit
    rtexit2.o(.ARM.exidx) refers to rtexit2.o(.ARM.Collect$$rtexit$$00000001) for .ARM.Collect$$rtexit$$00000001
    rtexit2.o(.ARM.exidx) refers to rtexit2.o(.ARM.Collect$$rtexit$$00000003) for .ARM.Collect$$rtexit$$00000003
    rtexit2.o(.ARM.exidx) refers to rtexit2.o(.ARM.Collect$$rtexit$$00000004) for .ARM.Collect$$rtexit$$00000004
    __raise.o(.text) refers to defsig.o(CL$$defsig) for __default_signal_handler
    defsig_general.o(.text) refers to sys_wrch.o(.text) for _ttywrch
    sys_wrch.o(.text) refers (Special) to use_no_semi.o(.text) for __I$use$semihosting
    sys_wrch.o(.text) refers (Special) to indicate_semi.o(.text) for __semihosting_library_function
    defsig.o(CL$$defsig) refers to defsig_fpe_inner.o(.text) for __rt_SIGFPE_inner
    defsig.o(CL$$defsig) refers to defsig_rtmem_inner.o(.text) for __rt_SIGRTMEM_inner
    _get_argv_nomalloc.o(.text) refers (Special) to hrguard.o(.text) for __heap_region$guard
    _get_argv_nomalloc.o(.text) refers to defsig_rtmem_outer.o(.text) for __rt_SIGRTMEM
    _get_argv_nomalloc.o(.text) refers to sys_command.o(.text) for _sys_command_string
    libshutdown.o(.ARM.Collect$$libshutdown$$00000000) refers (Special) to libshutdown2.o(.ARM.Collect$$libshutdown$$00000006) for __rt_lib_shutdown_fp_trap_1
    libshutdown.o(.ARM.Collect$$libshutdown$$00000000) refers (Special) to libshutdown2.o(.ARM.Collect$$libshutdown$$0000000E) for __rt_lib_shutdown_heap_1
    libshutdown.o(.ARM.Collect$$libshutdown$$00000000) refers (Special) to libshutdown2.o(.ARM.Collect$$libshutdown$$0000000F) for __rt_lib_shutdown_return
    libshutdown.o(.ARM.Collect$$libshutdown$$00000000) refers (Special) to libshutdown2.o(.ARM.Collect$$libshutdown$$00000009) for __rt_lib_shutdown_signal_1
    libshutdown.o(.ARM.Collect$$libshutdown$$00000000) refers (Special) to libshutdown2.o(.ARM.Collect$$libshutdown$$00000003) for __rt_lib_shutdown_stdio_1
    libshutdown.o(.ARM.Collect$$libshutdown$$00000000) refers (Special) to libshutdown2.o(.ARM.Collect$$libshutdown$$0000000B) for __rt_lib_shutdown_user_alloc_1
    sys_command.o(.text) refers (Special) to use_no_semi.o(.text) for __I$use$semihosting
    sys_command.o(.text) refers (Special) to indicate_semi.o(.text) for __semihosting_library_function
    defsig_abrt_inner.o(.text) refers to defsig_general.o(.text) for __default_signal_display
    defsig_rtred_inner.o(.text) refers to defsig_general.o(.text) for __default_signal_display
    defsig_rtmem_inner.o(.text) refers to defsig_general.o(.text) for __default_signal_display
    defsig_rtmem_outer.o(.text) refers to defsig_rtmem_inner.o(.text) for __rt_SIGRTMEM_inner
    defsig_rtmem_outer.o(.text) refers to defsig_exit.o(.text) for __sig_exit
    defsig_rtmem_formal.o(.text) refers to rt_raise.o(.text) for __rt_raise
    defsig_stak_inner.o(.text) refers to defsig_general.o(.text) for __default_signal_display
    defsig_pvfn_inner.o(.text) refers to defsig_general.o(.text) for __default_signal_display
    defsig_cppl_inner.o(.text) refers to defsig_general.o(.text) for __default_signal_display
    defsig_segv_inner.o(.text) refers to defsig_general.o(.text) for __default_signal_display
    defsig_other.o(.text) refers to defsig_general.o(.text) for __default_signal_display
    usbcore.o(i.USB_ReqSetClrFeature) refers to usbhw.o(.text) for USB_WakeUpCfg
    usbcore.o(i.USB_ReqSetClrFeature) refers to usbcore.o(.data) for .data
    usbcore.o(i.USB_ReqGetDescriptor) refers to usbcore.o(.data) for .data
    usbcore.o(i.USB_ReqGetDescriptor) refers to usbdesc.o(.data) for pConfigDescriptor
    usbcore.o(i.USB_ReqGetDescriptor) refers to usbdesc.o(.constdata) for USB_DeviceDescriptor
    usbcore.o(i.USB_ReqGetDescriptor) refers to usbdesc.o(.constdata) for USB_StringDescriptor
    usbcore.o(i.USB_ReqGetDescriptor) refers to usbdesc.o(.constdata) for USB_DeviceQualifier
    usbcore.o(i.USB_ReqGetDescriptor) refers to usbdesc.o(.constdata) for HID_ReportDescriptor
    usbcore.o(i.USB_ReqGetDescriptor) refers to usbdesc.o(.constdata) for HID_ReportDescSize
    usbcore.o(i.USB_ReqSetConfiguration) refers to usbhw.o(.text) for USB_DisableEP
    usbcore.o(i.USB_ReqSetConfiguration) refers to usbcore.o(.data) for .data
    usbcore.o(i.USB_ReqSetConfiguration) refers to usbdesc.o(.data) for pConfigDescriptor
    usbcore.o(i.USB_ReqSetInterface) refers to usbhw.o(.text) for USB_ConfigEP
    usbcore.o(i.USB_ReqSetInterface) refers to usbcore.o(.data) for .data
    usbcore.o(i.USB_ReqSetInterface) refers to usbdesc.o(.data) for pConfigDescriptor
    usbcore.o(i.USB_ReqGetStatus) refers to usbcore.o(.data) for .data
    usbcore.o(i.USB_ReqGetStatus) refers to usbcore.o(.bss) for .bss


==============================================================================

Removing Unused input sections from the image.

    Removing system_lpc11uxx.o(.emb_text), (8 bytes).
    Removing usbhw.o(.emb_text), (8 bytes).
    Removing serial.o(.emb_text), (8 bytes).
    Removing demo.o(.emb_text), (8 bytes).

4 unused section(s) (total 32 bytes) removed from the image.

==============================================================================

Image Symbol Table

    Local Symbols

    Symbol Name                              Value     Ov Type        Size  Object(Section)

    RESET                                    0x00000000   Section      192  startup_lpc11uxx.o(RESET)
    ../clib/angel/boardlib.s                 0x00000000   Number         0  boardshut.o ABSOLUTE
    ../clib/angel/boardlib.s                 0x00000000   Number         0  boardinit3.o ABSOLUTE
    ../clib/angel/boardlib.s                 0x00000000   Number         0  boardinit2.o ABSOLUTE
    ../clib/angel/boardlib.s                 0x00000000   Number         0  boardinit1.o ABSOLUTE
    ../clib/angel/handlers.s                 0x00000000   Number         0  __scatter_copy.o ABSOLUTE
    ../clib/angel/handlers.s                 0x00000000   Number         0  __scatter_zi.o ABSOLUTE
    ../clib/angel/kernel.s                   0x00000000   Number         0  __rtentry4.o ABSOLUTE
    ../clib/angel/kernel.s                   0x00000000   Number         0  __rtentry.o ABSOLUTE
    ../clib/angel/kernel.s                   0x00000000   Number         0  rtexit.o ABSOLUTE
    ../clib/angel/kernel.s                   0x00000000   Number         0  __rtentry2.o ABSOLUTE
    ../clib/angel/kernel.s                   0x00000000   Number         0  rtexit2.o ABSOLUTE
    ../clib/angel/rt.s                       0x00000000   Number         0  aeabi_idiv0_sigfpe.o ABSOLUTE
    ../clib/angel/rt.s                       0x00000000   Number         0  aeabi_idiv0.o ABSOLUTE
    ../clib/angel/rt.s                       0x00000000   Number         0  rt_raise.o ABSOLUTE
    ../clib/angel/rt.s                       0x00000000   Number         0  rt_div0.o ABSOLUTE
    ../clib/angel/scatterp.s                 0x00000000   Number         0  __scatter.o ABSOLUTE
    ../clib/angel/startup.s                  0x00000000   Number         0  __main.o ABSOLUTE
    ../clib/angel/sys.s                      0x00000000   Number         0  indicate_semi.o ABSOLUTE
    ../clib/angel/sys.s                      0x00000000   Number         0  use_no_semi.o ABSOLUTE
    ../clib/angel/sys.s                      0x00000000   Number         0  tempstk.o ABSOLUTE
    ../clib/angel/sys.s                      0x00000000   Number         0  sys_stackheap_outer.o ABSOLUTE
    ../clib/angel/sys.s                      0x00000000   Number         0  libspace.o ABSOLUTE
    ../clib/angel/sysapp.c                   0x00000000   Number         0  sys_exit.o ABSOLUTE
    ../clib/angel/sysapp.c                   0x00000000   Number         0  sys_wrch.o ABSOLUTE
    ../clib/angel/sysapp.c                   0x00000000   Number         0  sys_command.o ABSOLUTE
    ../clib/armsys.c                         0x00000000   Number         0  no_argv.o ABSOLUTE
    ../clib/armsys.c                         0x00000000   Number         0  _get_argv_nomalloc.o ABSOLUTE
    ../clib/armsys.c                         0x00000000   Number         0  argv_veneer.o ABSOLUTE
    ../clib/division.s                       0x00000000   Number         0  aeabi_sdiv_div0.o ABSOLUTE
    ../clib/division.s                       0x00000000   Number         0  aeabi_sdiv.o ABSOLUTE
    ../clib/heapalloc.c                      0x00000000   Number         0  hrguard.o ABSOLUTE
    ../clib/heapaux.c                        0x00000000   Number         0  heapauxi.o ABSOLUTE
    ../clib/libinit.s                        0x00000000   Number         0  libshutdown2.o ABSOLUTE
    ../clib/libinit.s                        0x00000000   Number         0  libshutdown.o ABSOLUTE
    ../clib/libinit.s                        0x00000000   Number         0  libinit2.o ABSOLUTE
    ../clib/libinit.s                        0x00000000   Number         0  libinit.o ABSOLUTE
    ../clib/signal.c                         0x00000000   Number         0  defsig_rtmem_inner.o ABSOLUTE
    ../clib/signal.c                         0x00000000   Number         0  __raise.o ABSOLUTE
    ../clib/signal.c                         0x00000000   Number         0  defsig_fpe_formal.o ABSOLUTE
    ../clib/signal.c                         0x00000000   Number         0  defsig_fpe_inner.o ABSOLUTE
    ../clib/signal.c                         0x00000000   Number         0  defsig_exit.o ABSOLUTE
    ../clib/signal.c                         0x00000000   Number         0  defsig_fpe_outer.o ABSOLUTE
    ../clib/signal.c                         0x00000000   Number         0  defsig_rtmem_outer.o ABSOLUTE
    ../clib/signal.c                         0x00000000   Number         0  defsig_rtred_inner.o ABSOLUTE
    ../clib/signal.c                         0x00000000   Number         0  defsig_other.o ABSOLUTE
    ../clib/signal.c                         0x00000000   Number         0  defsig_segv_inner.o ABSOLUTE
    ../clib/signal.c                         0x00000000   Number         0  defsig_general.o ABSOLUTE
    ../clib/signal.c                         0x00000000   Number         0  defsig_cppl_inner.o ABSOLUTE
    ../clib/signal.c                         0x00000000   Number         0  defsig_pvfn_inner.o ABSOLUTE
    ../clib/signal.c                         0x00000000   Number         0  defsig_stak_inner.o ABSOLUTE
    ../clib/signal.c                         0x00000000   Number         0  defsig_rtmem_formal.o ABSOLUTE
    ../clib/signal.c                         0x00000000   Number         0  defsig_abrt_inner.o ABSOLUTE
    ../clib/signal.s                         0x00000000   Number         0  defsig.o ABSOLUTE
    ../clib/stdlib.c                         0x00000000   Number         0  exit.o ABSOLUTE
    ../clib/unhosted.c                       0x00000000   Number         0  uread4.o ABSOLUTE
    ../clib/unhosted.c                       0x00000000   Number         0  uwrite4.o ABSOLUTE
    ../fplib/cfplib/fpinit.c                 0x00000000   Number         0  fpinit.o ABSOLUTE
    ..\Common\src\core_cm0.c                 0x00000000   Number         0  core_cm0.o ABSOLUTE
    ..\Common\src\startup_LPC11Uxx.s         0x00000000   Number         0  startup_lpc11uxx.o ABSOLUTE
    ..\Common\src\system_LPC11Uxx.c          0x00000000   Number         0  system_lpc11uxx.o ABSOLUTE
    ..\USBClass\CDC\cdcuser.c                0x00000000   Number         0  cdcuser.o ABSOLUTE
    ..\USBClass\HID\hiduser.c                0x00000000   Number         0  hiduser.o ABSOLUTE
    ..\USBCore\usbcore.c                     0x00000000   Number         0  usbcore.o ABSOLUTE
    ..\USBCore\usbhw.c                       0x00000000   Number         0  usbhw.o ABSOLUTE
    ..\\Common\\src\\system_LPC11Uxx.c       0x00000000   Number         0  system_lpc11uxx.o ABSOLUTE
    ..\\USBCore\\usbhw.c                     0x00000000   Number         0  usbhw.o ABSOLUTE
    dc.s                                     0x00000000   Number         0  dc.o ABSOLUTE
    demo.c                                   0x00000000   Number         0  demo.o ABSOLUTE
    demo.c                                   0x00000000   Number         0  demo.o ABSOLUTE
    serial.c                                 0x00000000   Number         0  serial.o ABSOLUTE
    serial.c                                 0x00000000   Number         0  serial.o ABSOLUTE
    usbdesc.c                                0x00000000   Number         0  usbdesc.o ABSOLUTE
    usbuser.c                                0x00000000   Number         0  usbuser.o ABSOLUTE
    !!!main                                  0x000000c0   Section        8  __main.o(!!!main)
    !!!scatter                               0x000000c8   Section       60  __scatter.o(!!!scatter)
    !!handler_copy                           0x00000104   Section       26  __scatter_copy.o(!!handler_copy)
    !!handler_zi                             0x00000120   Section       28  __scatter_zi.o(!!handler_zi)
    .ARM.Collect$$libinit$$00000000          0x0000013c   Section        2  libinit.o(.ARM.Collect$$libinit$$00000000)
    .ARM.Collect$$libinit$$00000002          0x0000013e   Section        0  libinit2.o(.ARM.Collect$$libinit$$00000002)
    .ARM.Collect$$libinit$$00000004          0x0000013e   Section        0  libinit2.o(.ARM.Collect$$libinit$$00000004)
    .ARM.Collect$$libinit$$0000000A          0x0000013e   Section        0  libinit2.o(.ARM.Collect$$libinit$$0000000A)
    .ARM.Collect$$libinit$$0000000C          0x0000013e   Section        0  libinit2.o(.ARM.Collect$$libinit$$0000000C)
    .ARM.Collect$$libinit$$0000000E          0x0000013e   Section        0  libinit2.o(.ARM.Collect$$libinit$$0000000E)
    .ARM.Collect$$libinit$$00000011          0x0000013e   Section        0  libinit2.o(.ARM.Collect$$libinit$$00000011)
    .ARM.Collect$$libinit$$00000013          0x0000013e   Section        0  libinit2.o(.ARM.Collect$$libinit$$00000013)
    .ARM.Collect$$libinit$$00000015          0x0000013e   Section        0  libinit2.o(.ARM.Collect$$libinit$$00000015)
    .ARM.Collect$$libinit$$00000017          0x0000013e   Section        0  libinit2.o(.ARM.Collect$$libinit$$00000017)
    .ARM.Collect$$libinit$$00000019          0x0000013e   Section        0  libinit2.o(.ARM.Collect$$libinit$$00000019)
    .ARM.Collect$$libinit$$0000001B          0x0000013e   Section        0  libinit2.o(.ARM.Collect$$libinit$$0000001B)
    .ARM.Collect$$libinit$$0000001D          0x0000013e   Section        0  libinit2.o(.ARM.Collect$$libinit$$0000001D)
    .ARM.Collect$$libinit$$0000001F          0x0000013e   Section        0  libinit2.o(.ARM.Collect$$libinit$$0000001F)
    .ARM.Collect$$libinit$$00000021          0x0000013e   Section        0  libinit2.o(.ARM.Collect$$libinit$$00000021)
    .ARM.Collect$$libinit$$00000023          0x0000013e   Section        0  libinit2.o(.ARM.Collect$$libinit$$00000023)
    .ARM.Collect$$libinit$$00000025          0x0000013e   Section        0  libinit2.o(.ARM.Collect$$libinit$$00000025)
    .ARM.Collect$$libinit$$0000002C          0x0000013e   Section        0  libinit2.o(.ARM.Collect$$libinit$$0000002C)
    .ARM.Collect$$libinit$$0000002E          0x0000013e   Section        0  libinit2.o(.ARM.Collect$$libinit$$0000002E)
    .ARM.Collect$$libinit$$00000030          0x0000013e   Section        0  libinit2.o(.ARM.Collect$$libinit$$00000030)
    .ARM.Collect$$libinit$$00000032          0x0000013e   Section        0  libinit2.o(.ARM.Collect$$libinit$$00000032)
    .ARM.Collect$$libinit$$00000033          0x0000013e   Section        2  libinit2.o(.ARM.Collect$$libinit$$00000033)
    .ARM.Collect$$libshutdown$$00000000      0x00000140   Section        2  libshutdown.o(.ARM.Collect$$libshutdown$$00000000)
    .ARM.Collect$$libshutdown$$00000003      0x00000142   Section        0  libshutdown2.o(.ARM.Collect$$libshutdown$$00000003)
    .ARM.Collect$$libshutdown$$00000006      0x00000142   Section        0  libshutdown2.o(.ARM.Collect$$libshutdown$$00000006)
    .ARM.Collect$$libshutdown$$00000009      0x00000142   Section        0  libshutdown2.o(.ARM.Collect$$libshutdown$$00000009)
    .ARM.Collect$$libshutdown$$0000000B      0x00000142   Section        0  libshutdown2.o(.ARM.Collect$$libshutdown$$0000000B)
    .ARM.Collect$$libshutdown$$0000000E      0x00000142   Section        0  libshutdown2.o(.ARM.Collect$$libshutdown$$0000000E)
    .ARM.Collect$$libshutdown$$0000000F      0x00000142   Section        2  libshutdown2.o(.ARM.Collect$$libshutdown$$0000000F)
    .ARM.Collect$$rtentry$$00000000          0x00000144   Section        0  __rtentry.o(.ARM.Collect$$rtentry$$00000000)
    .ARM.Collect$$rtentry$$00000002          0x00000144   Section        0  __rtentry2.o(.ARM.Collect$$rtentry$$00000002)
    .ARM.Collect$$rtentry$$00000004          0x00000144   Section        6  __rtentry4.o(.ARM.Collect$$rtentry$$00000004)
    .ARM.Collect$$rtentry$$00000009          0x0000014a   Section        0  __rtentry2.o(.ARM.Collect$$rtentry$$00000009)
    .ARM.Collect$$rtentry$$0000000A          0x0000014a   Section        4  __rtentry2.o(.ARM.Collect$$rtentry$$0000000A)
    .ARM.Collect$$rtentry$$0000000C          0x0000014e   Section        0  __rtentry2.o(.ARM.Collect$$rtentry$$0000000C)
    .ARM.Collect$$rtentry$$0000000D          0x0000014e   Section        8  __rtentry2.o(.ARM.Collect$$rtentry$$0000000D)
    .ARM.Collect$$rtexit$$00000000           0x00000156   Section        2  rtexit.o(.ARM.Collect$$rtexit$$00000000)
    .ARM.Collect$$rtexit$$00000002           0x00000158   Section        0  rtexit2.o(.ARM.Collect$$rtexit$$00000002)
    .ARM.Collect$$rtexit$$00000003           0x00000158   Section        4  rtexit2.o(.ARM.Collect$$rtexit$$00000003)
    .ARM.Collect$$rtexit$$00000004           0x0000015c   Section        6  rtexit2.o(.ARM.Collect$$rtexit$$00000004)
    .text                                    0x00000164   Section        0  system_lpc11uxx.o(.text)
    .text                                    0x00000324   Section       52  startup_lpc11uxx.o(.text)
    .text                                    0x00000358   Section        0  usbcore.o(.text)
    .text                                    0x00000610   Section        0  usbhw.o(.text)
    EPAdr                                    0x00000c97   Thumb Code    14  usbhw.o(.text)
    .text                                    0x00000cb8   Section        0  hiduser.o(.text)
    .text                                    0x00000d58   Section        0  cdcuser.o(.text)
    .text                                    0x00000fb0   Section        0  serial.o(.text)
    .text                                    0x000011e8   Section        0  usbuser.o(.text)
    .text                                    0x00001248   Section        0  demo.o(.text)
    .text                                    0x0000138c   Section        0  uread4.o(.text)
    .text                                    0x000013ae   Section        0  uwrite4.o(.text)
    .text                                    0x000013be   Section      346  aeabi_sdiv.o(.text)
    .text                                    0x00001518   Section        0  heapauxi.o(.text)
    .text                                    0x0000151e   Section       62  sys_stackheap_outer.o(.text)
    .text                                    0x0000155c   Section        0  exit.o(.text)
    .text                                    0x00001568   Section        8  libspace.o(.text)
    .text                                    0x00001570   Section        0  sys_exit.o(.text)
    .text                                    0x0000157c   Section        2  use_no_semi.o(.text)
    .text                                    0x0000157e   Section        0  indicate_semi.o(.text)
    i.USB_ReqGetDescriptor                   0x00001580   Section        0  usbcore.o(i.USB_ReqGetDescriptor)
    i.USB_ReqGetStatus                       0x00001664   Section        0  usbcore.o(i.USB_ReqGetStatus)
    i.USB_ReqSetClrFeature                   0x000016e8   Section        0  usbcore.o(i.USB_ReqSetClrFeature)
    i.USB_ReqSetConfiguration                0x00001788   Section        0  usbcore.o(i.USB_ReqSetConfiguration)
    i.USB_ReqSetInterface                    0x000018e0   Section        0  usbcore.o(i.USB_ReqSetInterface)
    i.__ARM_common_switch8                   0x000019ec   Section        0  system_lpc11uxx.o(i.__ARM_common_switch8)
    .constdata                               0x00001a06   Section       44  usbdesc.o(.constdata)
    .constdata                               0x00001a32   Section        2  usbdesc.o(.constdata)
    .constdata                               0x00001a34   Section       18  usbdesc.o(.constdata)
    .constdata                               0x00001a46   Section      108  usbdesc.o(.constdata)
    .constdata                               0x00001ab2   Section      216  usbdesc.o(.constdata)
    .constdata                               0x00001b8a   Section       10  usbdesc.o(.constdata)
    .constdata                               0x00001b94   Section       20  usbuser.o(.constdata)
    .data                                    0x10000000   Section        4  system_lpc11uxx.o(.data)
    .data                                    0x10000004   Section       40  usbcore.o(.data)
    .data                                    0x1000002c   Section       12  usbhw.o(.data)
    .data                                    0x10000038   Section        2  hiduser.o(.data)
    .data                                    0x1000003a   Section       13  cdcuser.o(.data)
    .data                                    0x10000048   Section        8  serial.o(.data)
    .data                                    0x10000050   Section        4  usbdesc.o(.data)
    .data                                    0x10000054   Section        2  usbuser.o(.data)
    serialState                              0x10000054   Data           2  usbuser.o(.data)
    .data                                    0x10000056   Section        6  demo.o(.data)
    serialState                              0x1000005a   Data           2  demo.o(.data)
    .bss                                     0x1000005c   Section       64  usbcore.o(.bss)
    .bss                                     0x1000009c   Section      160  usbhw.o(.bss)
    .bss                                     0x1000013c   Section      276  cdcuser.o(.bss)
    .bss                                     0x10000250   Section      272  serial.o(.bss)
    .bss                                     0x10000360   Section       96  demo.o(.bss)
    serBuf                                   0x10000360   Data          64  demo.o(.bss)
    serBuf                                   0x100003a0   Data          32  demo.o(.bss)
    .bss                                     0x100003c0   Section       96  libspace.o(.bss)
    HEAP                                     0x10000420   Section        0  startup_lpc11uxx.o(HEAP)
    STACK                                    0x10000420   Section      512  startup_lpc11uxx.o(STACK)
    Heap_Mem                                 0x10000420   Data           0  startup_lpc11uxx.o(HEAP)
    Stack_Mem                                0x10000420   Data         512  startup_lpc11uxx.o(STACK)
    __initial_sp                             0x10000620   Data           0  startup_lpc11uxx.o(STACK)

    Global Symbols

    Symbol Name                              Value     Ov Type        Size  Object(Section)

    BuildAttributes$$THM_ISAv3M$S$PE$A:L22$X:L11$S22$IEEE1$IW$USESV6$~STKCKD$USESV7$~SHL$OSPACE$ROPI$EBA8$UX$STANDARDLIB$REQ8$PRES8$EABIv2 0x00000000   Number         0  anon$$obj.o ABSOLUTE
    __ARM_use_no_argv                        0x00000000   Number         0  demo.o ABSOLUTE
    __Vectors                                0x00000000   Data           4  startup_lpc11uxx.o(RESET)
    __ARM_exceptions_init                     - Undefined Weak Reference
    __alloca_initialize                       - Undefined Weak Reference
    __arm_preinit_                            - Undefined Weak Reference
    __cpp_initialize__aeabi_                  - Undefined Weak Reference
    __cxa_finalize                            - Undefined Weak Reference
    __rt_locale                               - Undefined Weak Reference
    __sigvec_lookup                           - Undefined Weak Reference
    _atexit_init                              - Undefined Weak Reference
    _call_atexit_fns                          - Undefined Weak Reference
    _clock_init                               - Undefined Weak Reference
    _fp_trap_init                             - Undefined Weak Reference
    _fp_trap_shutdown                         - Undefined Weak Reference
    _get_lc_collate                           - Undefined Weak Reference
    _get_lc_ctype                             - Undefined Weak Reference
    _get_lc_monetary                          - Undefined Weak Reference
    _get_lc_numeric                           - Undefined Weak Reference
    _get_lc_time                              - Undefined Weak Reference
    _getenv_init                              - Undefined Weak Reference
    _handle_redirection                       - Undefined Weak Reference
    _init_alloc                               - Undefined Weak Reference
    _init_user_alloc                          - Undefined Weak Reference
    _initio                                   - Undefined Weak Reference
    _rand_init                                - Undefined Weak Reference
    _signal_finish                            - Undefined Weak Reference
    _signal_init                              - Undefined Weak Reference
    _terminate_alloc                          - Undefined Weak Reference
    _terminate_user_alloc                     - Undefined Weak Reference
    _terminateio                              - Undefined Weak Reference
    __main                                   0x000000c1   Thumb Code     8  __main.o(!!!main)
    __scatterload                            0x000000c9   Thumb Code     0  __scatter.o(!!!scatter)
    __scatterload_rt2                        0x000000c9   Thumb Code    52  __scatter.o(!!!scatter)
    __scatterload_rt2_thumb_only             0x000000c9   Thumb Code     0  __scatter.o(!!!scatter)
    __scatterload_null                       0x000000d9   Thumb Code     0  __scatter.o(!!!scatter)
    __scatterload_copy                       0x00000105   Thumb Code    26  __scatter_copy.o(!!handler_copy)
    __scatterload_zeroinit                   0x00000121   Thumb Code    28  __scatter_zi.o(!!handler_zi)
    __rt_lib_init                            0x0000013d   Thumb Code     0  libinit.o(.ARM.Collect$$libinit$$00000000)
    __rt_lib_init_alloca_1                   0x0000013f   Thumb Code     0  libinit2.o(.ARM.Collect$$libinit$$0000002E)
    __rt_lib_init_argv_1                     0x0000013f   Thumb Code     0  libinit2.o(.ARM.Collect$$libinit$$0000002C)
    __rt_lib_init_atexit_1                   0x0000013f   Thumb Code     0  libinit2.o(.ARM.Collect$$libinit$$0000001B)
    __rt_lib_init_clock_1                    0x0000013f   Thumb Code     0  libinit2.o(.ARM.Collect$$libinit$$00000021)
    __rt_lib_init_cpp_1                      0x0000013f   Thumb Code     0  libinit2.o(.ARM.Collect$$libinit$$00000032)
    __rt_lib_init_exceptions_1               0x0000013f   Thumb Code     0  libinit2.o(.ARM.Collect$$libinit$$00000030)
    __rt_lib_init_fp_1                       0x0000013f   Thumb Code     0  libinit2.o(.ARM.Collect$$libinit$$00000002)
    __rt_lib_init_fp_trap_1                  0x0000013f   Thumb Code     0  libinit2.o(.ARM.Collect$$libinit$$0000001F)
    __rt_lib_init_getenv_1                   0x0000013f   Thumb Code     0  libinit2.o(.ARM.Collect$$libinit$$00000023)
    __rt_lib_init_heap_1                     0x0000013f   Thumb Code     0  libinit2.o(.ARM.Collect$$libinit$$0000000A)
    __rt_lib_init_lc_collate_1               0x0000013f   Thumb Code     0  libinit2.o(.ARM.Collect$$libinit$$00000011)
    __rt_lib_init_lc_ctype_1                 0x0000013f   Thumb Code     0  libinit2.o(.ARM.Collect$$libinit$$00000013)
    __rt_lib_init_lc_monetary_1              0x0000013f   Thumb Code     0  libinit2.o(.ARM.Collect$$libinit$$00000015)
    __rt_lib_init_lc_numeric_1               0x0000013f   Thumb Code     0  libinit2.o(.ARM.Collect$$libinit$$00000017)
    __rt_lib_init_lc_time_1                  0x0000013f   Thumb Code     0  libinit2.o(.ARM.Collect$$libinit$$00000019)
    __rt_lib_init_preinit_1                  0x0000013f   Thumb Code     0  libinit2.o(.ARM.Collect$$libinit$$00000004)
    __rt_lib_init_rand_1                     0x0000013f   Thumb Code     0  libinit2.o(.ARM.Collect$$libinit$$0000000E)
    __rt_lib_init_return                     0x0000013f   Thumb Code     0  libinit2.o(.ARM.Collect$$libinit$$00000033)
    __rt_lib_init_signal_1                   0x0000013f   Thumb Code     0  libinit2.o(.ARM.Collect$$libinit$$0000001D)
    __rt_lib_init_stdio_1                    0x0000013f   Thumb Code     0  libinit2.o(.ARM.Collect$$libinit$$00000025)
    __rt_lib_init_user_alloc_1               0x0000013f   Thumb Code     0  libinit2.o(.ARM.Collect$$libinit$$0000000C)
    __rt_lib_shutdown                        0x00000141   Thumb Code     0  libshutdown.o(.ARM.Collect$$libshutdown$$00000000)
    __rt_lib_shutdown_fp_trap_1              0x00000143   Thumb Code     0  libshutdown2.o(.ARM.Collect$$libshutdown$$00000006)
    __rt_lib_shutdown_heap_1                 0x00000143   Thumb Code     0  libshutdown2.o(.ARM.Collect$$libshutdown$$0000000E)
    __rt_lib_shutdown_return                 0x00000143   Thumb Code     0  libshutdown2.o(.ARM.Collect$$libshutdown$$0000000F)
    __rt_lib_shutdown_signal_1               0x00000143   Thumb Code     0  libshutdown2.o(.ARM.Collect$$libshutdown$$00000009)
    __rt_lib_shutdown_stdio_1                0x00000143   Thumb Code     0  libshutdown2.o(.ARM.Collect$$libshutdown$$00000003)
    __rt_lib_shutdown_user_alloc_1           0x00000143   Thumb Code     0  libshutdown2.o(.ARM.Collect$$libshutdown$$0000000B)
    __rt_entry                               0x00000145   Thumb Code     0  __rtentry.o(.ARM.Collect$$rtentry$$00000000)
    __rt_entry_presh_1                       0x00000145   Thumb Code     0  __rtentry2.o(.ARM.Collect$$rtentry$$00000002)
    __rt_entry_sh                            0x00000145   Thumb Code     0  __rtentry4.o(.ARM.Collect$$rtentry$$00000004)
    __rt_entry_li                            0x0000014b   Thumb Code     0  __rtentry2.o(.ARM.Collect$$rtentry$$0000000A)
    __rt_entry_postsh_1                      0x0000014b   Thumb Code     0  __rtentry2.o(.ARM.Collect$$rtentry$$00000009)
    __rt_entry_main                          0x0000014f   Thumb Code     0  __rtentry2.o(.ARM.Collect$$rtentry$$0000000D)
    __rt_entry_postli_1                      0x0000014f   Thumb Code     0  __rtentry2.o(.ARM.Collect$$rtentry$$0000000C)
    __rt_exit                                0x00000157   Thumb Code     0  rtexit.o(.ARM.Collect$$rtexit$$00000000)
    __rt_exit_ls                             0x00000159   Thumb Code     0  rtexit2.o(.ARM.Collect$$rtexit$$00000003)
    __rt_exit_prels_1                        0x00000159   Thumb Code     0  rtexit2.o(.ARM.Collect$$rtexit$$00000002)
    __rt_exit_exit                           0x0000015d   Thumb Code     0  rtexit2.o(.ARM.Collect$$rtexit$$00000004)
    SystemCoreClockUpdate                    0x00000165   Thumb Code   216  system_lpc11uxx.o(.text)
    SystemInit                               0x0000023d   Thumb Code   156  system_lpc11uxx.o(.text)
    Reset_Handler                            0x00000325   Thumb Code     8  startup_lpc11uxx.o(.text)
    HardFault_Handler                        0x0000032d   Thumb Code     2  startup_lpc11uxx.o(.text)
    SVC_Handler                              0x0000032f   Thumb Code     2  startup_lpc11uxx.o(.text)
    PendSV_Handler                           0x00000331   Thumb Code     2  startup_lpc11uxx.o(.text)
    SysTick_Handler                          0x00000333   Thumb Code     2  startup_lpc11uxx.o(.text)
    Reserved_IRQHandler                      0x00000335   Thumb Code     2  startup_lpc11uxx.o(.text)
    ADC_IRQHandler                           0x00000337   Thumb Code     0  startup_lpc11uxx.o(.text)
    BOD_IRQHandler                           0x00000337   Thumb Code     0  startup_lpc11uxx.o(.text)
    FLEX_INT0_IRQHandler                     0x00000337   Thumb Code     0  startup_lpc11uxx.o(.text)
    FLEX_INT1_IRQHandler                     0x00000337   Thumb Code     0  startup_lpc11uxx.o(.text)
    FLEX_INT2_IRQHandler                     0x00000337   Thumb Code     0  startup_lpc11uxx.o(.text)
    FLEX_INT3_IRQHandler                     0x00000337   Thumb Code     0  startup_lpc11uxx.o(.text)
    FLEX_INT4_IRQHandler                     0x00000337   Thumb Code     0  startup_lpc11uxx.o(.text)
    FLEX_INT5_IRQHandler                     0x00000337   Thumb Code     0  startup_lpc11uxx.o(.text)
    FLEX_INT6_IRQHandler                     0x00000337   Thumb Code     0  startup_lpc11uxx.o(.text)
    FLEX_INT7_IRQHandler                     0x00000337   Thumb Code     0  startup_lpc11uxx.o(.text)
    FMC_IRQHandler                           0x00000337   Thumb Code     0  startup_lpc11uxx.o(.text)
    GINT0_IRQHandler                         0x00000337   Thumb Code     0  startup_lpc11uxx.o(.text)
    GINT1_IRQHandler                         0x00000337   Thumb Code     0  startup_lpc11uxx.o(.text)
    I2C_IRQHandler                           0x00000337   Thumb Code     0  startup_lpc11uxx.o(.text)
    NMI_Handler                              0x00000337   Thumb Code     0  startup_lpc11uxx.o(.text)
    SSP0_IRQHandler                          0x00000337   Thumb Code     0  startup_lpc11uxx.o(.text)
    SSP1_IRQHandler                          0x00000337   Thumb Code     0  startup_lpc11uxx.o(.text)
    TIMER16_0_IRQHandler                     0x00000337   Thumb Code     0  startup_lpc11uxx.o(.text)
    TIMER16_1_IRQHandler                     0x00000337   Thumb Code     0  startup_lpc11uxx.o(.text)
    TIMER32_0_IRQHandler                     0x00000337   Thumb Code     0  startup_lpc11uxx.o(.text)
    TIMER32_1_IRQHandler                     0x00000337   Thumb Code     0  startup_lpc11uxx.o(.text)
    USBWakeup_IRQHandler                     0x00000337   Thumb Code     0  startup_lpc11uxx.o(.text)
    USB_FIQHandler                           0x00000337   Thumb Code     0  startup_lpc11uxx.o(.text)
    WDT_IRQHandler                           0x00000337   Thumb Code     0  startup_lpc11uxx.o(.text)
    __user_initial_stackheap                 0x00000339   Thumb Code     0  startup_lpc11uxx.o(.text)
    USB_ResetCore                            0x00000359   Thumb Code    20  usbcore.o(.text)
    USB_SetupStage                           0x0000036d   Thumb Code    14  usbcore.o(.text)
    USB_DataInStage                          0x0000037b   Thumb Code    36  usbcore.o(.text)
    USB_DataOutStage                         0x0000039f   Thumb Code    28  usbcore.o(.text)
    USB_StatusInStage                        0x000003bb   Thumb Code    14  usbcore.o(.text)
    USB_StatusOutStage                       0x000003c9   Thumb Code    12  usbcore.o(.text)
    USB_EndPoint0                            0x000003d5   Thumb Code   560  usbcore.o(.text)
    USBIOClkConfig                           0x00000611   Thumb Code    52  usbhw.o(.text)
    USB_GetEPCmdStatusPtr                    0x00000645   Thumb Code    14  usbhw.o(.text)
    USB_EPInit                               0x00000653   Thumb Code   152  usbhw.o(.text)
    USB_Reset                                0x000006eb   Thumb Code    36  usbhw.o(.text)
    USB_Init                                 0x0000070f   Thumb Code    20  usbhw.o(.text)
    USB_Connect                              0x00000723   Thumb Code    22  usbhw.o(.text)
    USB_Suspend                              0x00000739   Thumb Code     2  usbhw.o(.text)
    USB_Resume                               0x0000073b   Thumb Code     2  usbhw.o(.text)
    USB_WakeUp                               0x0000073d   Thumb Code    22  usbhw.o(.text)
    USB_WakeUpCfg                            0x00000753   Thumb Code     2  usbhw.o(.text)
    USB_SetAddress                           0x00000755   Thumb Code    22  usbhw.o(.text)
    USB_Configure                            0x0000076b   Thumb Code    16  usbhw.o(.text)
    USB_ConfigEP                             0x0000077b   Thumb Code     2  usbhw.o(.text)
    USB_DirCtrlEP                            0x0000077d   Thumb Code     2  usbhw.o(.text)
    USB_DeactivateEP                         0x0000077f   Thumb Code    28  usbhw.o(.text)
    USB_EnableEP                             0x0000079b   Thumb Code    92  usbhw.o(.text)
    USB_DisableEP                            0x000007f7   Thumb Code    52  usbhw.o(.text)
    USB_ResetEP                              0x0000082b   Thumb Code    58  usbhw.o(.text)
    USB_SetStallEP                           0x00000865   Thumb Code    92  usbhw.o(.text)
    USB_ClrStallEP                           0x000008c1   Thumb Code   138  usbhw.o(.text)
    USB_ReadSetupEP                          0x0000094b   Thumb Code    98  usbhw.o(.text)
    USB_ReadEP                               0x000009ad   Thumb Code   310  usbhw.o(.text)
    USB_WriteEP                              0x00000ae3   Thumb Code   198  usbhw.o(.text)
    USB_GetFrame                             0x00000ba9   Thumb Code    10  usbhw.o(.text)
    USB_IRQHandler                           0x00000bb3   Thumb Code   166  usbhw.o(.text)
    Endpoint_IsINReady                       0x00000c59   Thumb Code    62  usbhw.o(.text)
    HID_GetReport                            0x00000cb9   Thumb Code    40  hiduser.o(.text)
    HID_SetReport                            0x00000ce1   Thumb Code    40  hiduser.o(.text)
    HID_GetIdle                              0x00000d09   Thumb Code    16  hiduser.o(.text)
    HID_SetIdle                              0x00000d19   Thumb Code    14  hiduser.o(.text)
    HID_GetProtocol                          0x00000d27   Thumb Code    14  hiduser.o(.text)
    HID_SetProtocol                          0x00000d35   Thumb Code    14  hiduser.o(.text)
    CDC_RdOutBuf                             0x00000d59   Thumb Code    42  cdcuser.o(.text)
    CDC_WrOutBuf                             0x00000d83   Thumb Code    44  cdcuser.o(.text)
    CDC_OutBufAvailChar                      0x00000daf   Thumb Code    20  cdcuser.o(.text)
    CDC_GetSerialState                       0x00000dc3   Thumb Code   106  cdcuser.o(.text)
    CDC_Init                                 0x00000e2d   Thumb Code    52  cdcuser.o(.text)
    CDC_SendEncapsulatedCommand              0x00000e61   Thumb Code     4  cdcuser.o(.text)
    CDC_GetEncapsulatedResponse              0x00000e65   Thumb Code     4  cdcuser.o(.text)
    CDC_SetCommFeature                       0x00000e69   Thumb Code     4  cdcuser.o(.text)
    CDC_GetCommFeature                       0x00000e6d   Thumb Code     4  cdcuser.o(.text)
    CDC_ClearCommFeature                     0x00000e71   Thumb Code     4  cdcuser.o(.text)
    CDC_SetLineCoding                        0x00000e75   Thumb Code    72  cdcuser.o(.text)
    CDC_GetLineCoding                        0x00000ebd   Thumb Code    46  cdcuser.o(.text)
    CDC_SetControlLineState                  0x00000eeb   Thumb Code     4  cdcuser.o(.text)
    CDC_SendBreak                            0x00000eef   Thumb Code     4  cdcuser.o(.text)
    CDC_BulkIn                               0x00000ef3   Thumb Code    42  cdcuser.o(.text)
    CDC_BulkOut                              0x00000f1d   Thumb Code    56  cdcuser.o(.text)
    CDC_StartOfFrame                         0x00000f55   Thumb Code    26  cdcuser.o(.text)
    CDC_NotificationIn                       0x00000f6f   Thumb Code    52  cdcuser.o(.text)
    ser_OpenPort                             0x00000fb1   Thumb Code    52  serial.o(.text)
    ser_ClosePort                            0x00000fe5   Thumb Code    32  serial.o(.text)
    ser_InitPort                             0x00001005   Thumb Code   160  serial.o(.text)
    ser_Read                                 0x000010a5   Thumb Code    50  serial.o(.text)
    ser_Write                                0x000010d7   Thumb Code    84  serial.o(.text)
    ser_AvailChar                            0x0000112b   Thumb Code    40  serial.o(.text)
    ser_LineState                            0x00001153   Thumb Code    12  serial.o(.text)
    UART_IRQHandler                          0x0000115f   Thumb Code   108  serial.o(.text)
    USB_Reset_Event                          0x000011e9   Thumb Code     8  usbuser.o(.text)
    USB_SOF_Event                            0x000011f1   Thumb Code     8  usbuser.o(.text)
    USB_EndPoint1                            0x000011f9   Thumb Code    26  usbuser.o(.text)
    USB_EndPoint2                            0x00001213   Thumb Code     2  usbuser.o(.text)
    USB_EndPoint3                            0x00001215   Thumb Code    22  usbuser.o(.text)
    USB_EndPoint4                            0x0000122b   Thumb Code    20  usbuser.o(.text)
    GetInReport                              0x00001249   Thumb Code    34  demo.o(.text)
    SetOutReport                             0x0000126b   Thumb Code    26  demo.o(.text)
    HID_Device_USBTask                       0x00001285   Thumb Code    46  demo.o(.text)
    VCOM_Init                                0x000012b3   Thumb Code     8  demo.o(.text)
    VCOM_Serial2Usb                          0x000012bb   Thumb Code    46  demo.o(.text)
    VCOM_Usb2Serial                          0x000012e9   Thumb Code    46  demo.o(.text)
    VCOM_CheckSerialState                    0x00001317   Thumb Code    22  demo.o(.text)
    main                                     0x0000132d   Thumb Code    66  demo.o(.text)
    __aeabi_uread4                           0x0000138d   Thumb Code    34  uread4.o(.text)
    __rt_uread4                              0x0000138d   Thumb Code     0  uread4.o(.text)
    __aeabi_uwrite4                          0x000013af   Thumb Code    16  uwrite4.o(.text)
    __rt_uwrite4                             0x000013af   Thumb Code     0  uwrite4.o(.text)
    __aeabi_uidiv                            0x000013bf   Thumb Code     0  aeabi_sdiv.o(.text)
    __aeabi_uidivmod                         0x000013bf   Thumb Code    20  aeabi_sdiv.o(.text)
    __aeabi_idiv                             0x000013d3   Thumb Code     0  aeabi_sdiv.o(.text)
    __aeabi_idivmod                          0x000013d3   Thumb Code   326  aeabi_sdiv.o(.text)
    __use_two_region_memory                  0x00001519   Thumb Code     2  heapauxi.o(.text)
    __rt_heap_escrow$2region                 0x0000151b   Thumb Code     2  heapauxi.o(.text)
    __rt_heap_expand$2region                 0x0000151d   Thumb Code     2  heapauxi.o(.text)
    __user_setup_stackheap                   0x0000151f   Thumb Code    62  sys_stackheap_outer.o(.text)
    exit                                     0x0000155d   Thumb Code    12  exit.o(.text)
    __user_libspace                          0x00001569   Thumb Code     8  libspace.o(.text)
    __user_perproc_libspace                  0x00001569   Thumb Code     0  libspace.o(.text)
    __user_perthread_libspace                0x00001569   Thumb Code     0  libspace.o(.text)
    _sys_exit                                0x00001571   Thumb Code     8  sys_exit.o(.text)
    __I$use$semihosting                      0x0000157d   Thumb Code     0  use_no_semi.o(.text)
    __use_no_semihosting_swi                 0x0000157d   Thumb Code     2  use_no_semi.o(.text)
    __semihosting_library_function           0x0000157f   Thumb Code     0  indicate_semi.o(.text)
    USB_ReqGetDescriptor                     0x00001581   Thumb Code   196  usbcore.o(i.USB_ReqGetDescriptor)
    USB_ReqGetStatus                         0x00001665   Thumb Code   120  usbcore.o(i.USB_ReqGetStatus)
    USB_ReqSetClrFeature                     0x000016e9   Thumb Code   150  usbcore.o(i.USB_ReqSetClrFeature)
    USB_ReqSetConfiguration                  0x00001789   Thumb Code   330  usbcore.o(i.USB_ReqSetConfiguration)
    USB_ReqSetInterface                      0x000018e1   Thumb Code   258  usbcore.o(i.USB_ReqSetInterface)
    __ARM_common_switch8                     0x000019ed   Thumb Code    26  system_lpc11uxx.o(i.__ARM_common_switch8)
    HID_ReportDescriptor                     0x00001a06   Data          44  usbdesc.o(.constdata)
    HID_ReportDescSize                       0x00001a32   Data           2  usbdesc.o(.constdata)
    USB_DeviceDescriptor                     0x00001a34   Data          18  usbdesc.o(.constdata)
    USB_ConfigDescriptor                     0x00001a46   Data         108  usbdesc.o(.constdata)
    USB_StringDescriptor                     0x00001ab2   Data         216  usbdesc.o(.constdata)
    USB_DeviceQualifier                      0x00001b8a   Data          10  usbdesc.o(.constdata)
    USB_P_EP                                 0x00001b94   Data          20  usbuser.o(.constdata)
    Region$$Table$$Base                      0x00001ba8   Number         0  anon$$obj.o(Region$$Table)
    Region$$Table$$Limit                     0x00001bc8   Number         0  anon$$obj.o(Region$$Table)
    SystemCoreClock                          0x10000000   Data           4  system_lpc11uxx.o(.data)
    USB_DeviceAddress                        0x10000004   Data           1  usbcore.o(.data)
    USB_Configuration                        0x10000005   Data           1  usbcore.o(.data)
    USB_NumInterfaces                        0x10000006   Data           1  usbcore.o(.data)
    USB_DeviceStatus                         0x10000008   Data           2  usbcore.o(.data)
    USB_AltSetting                           0x1000000a   Data           3  usbcore.o(.data)
    USB_EndPointMask                         0x10000010   Data           4  usbcore.o(.data)
    USB_EndPointHalt                         0x10000014   Data           4  usbcore.o(.data)
    USB_EndPointStall                        0x10000018   Data           4  usbcore.o(.data)
    EP0Data                                  0x1000001c   Data           8  usbcore.o(.data)
    SetupPacket                              0x10000024   Data           8  usbcore.o(.data)
    BufferUsed                               0x1000002c   Data           4  usbhw.o(.data)
    EPActiveFlag                             0x10000030   Data           4  usbhw.o(.data)
    SOFIRQCount                              0x10000034   Data           4  usbhw.o(.data)
    HID_Protocol                             0x10000038   Data           1  hiduser.o(.data)
    HID_IdleTime                             0x10000039   Data           1  hiduser.o(.data)
    CDC_SerialState                          0x1000003a   Data           2  cdcuser.o(.data)
    CDC_DepInEmpty                           0x1000003c   Data           2  cdcuser.o(.data)
    CDC_DepOutPending                        0x1000003e   Data           2  cdcuser.o(.data)
    CDC_LineCoding                           0x10000040   Data           7  cdcuser.o(.data)
    ser_lineState                            0x10000048   Data           2  serial.o(.data)
    ser_txRestart                            0x1000004c   Data           4  serial.o(.data)
    pConfigDescriptor                        0x10000050   Data           4  usbdesc.o(.data)
    InReport                                 0x10000056   Data           1  demo.o(.data)
    PrevInReport                             0x10000057   Data           1  demo.o(.data)
    OutReport                                0x10000058   Data           1  demo.o(.data)
    EP0Buf                                   0x1000005c   Data          64  usbcore.o(.bss)
    EPList                                   0x1000009c   Data         160  usbhw.o(.bss)
    BulkBufIn                                0x1000013c   Data          64  cdcuser.o(.bss)
    BulkBufOut                               0x1000017c   Data          64  cdcuser.o(.bss)
    NotificationBuf                          0x100001bc   Data          10  cdcuser.o(.bss)
    CDC_OutBuf                               0x100001c8   Data         136  cdcuser.o(.bss)
    ser_out                                  0x10000250   Data         136  serial.o(.bss)
    ser_in                                   0x100002d8   Data         136  serial.o(.bss)
    __libspace_start                         0x100003c0   Data          96  libspace.o(.bss)
    __temporary_stack_top$libspace           0x10000420   Data           0  libspace.o(.bss)



==============================================================================

Memory Map of the image

  Image Entry point : 0x000000c1

  Load Region LR_IROM1 (Base: 0x00000000, Size: 0x00001c24, Max: 0x00010000, ABSOLUTE)

    Execution Region ER_IROM1 (Base: 0x00000000, Size: 0x00001bc8, Max: 0x00010000, ABSOLUTE)

    Base Addr    Size         Type   Attr      Idx    E Section Name        Object

    0x00000000   0x000000c0   Data   RO           51    RESET               startup_lpc11uxx.o
    0x000000c0   0x00000008   Code   RO          356  * !!!main             c_p.l(__main.o)
    0x000000c8   0x0000003c   Code   RO          524    !!!scatter          c_p.l(__scatter.o)
    0x00000104   0x0000001a   Code   RO          526    !!handler_copy      c_p.l(__scatter_copy.o)
    0x0000011e   0x00000002   PAD
    0x00000120   0x0000001c   Code   RO          528    !!handler_zi        c_p.l(__scatter_zi.o)
    0x0000013c   0x00000002   Code   RO          394    .ARM.Collect$$libinit$$00000000  c_p.l(libinit.o)
    0x0000013e   0x00000000   Code   RO          408    .ARM.Collect$$libinit$$00000002  c_p.l(libinit2.o)
    0x0000013e   0x00000000   Code   RO          410    .ARM.Collect$$libinit$$00000004  c_p.l(libinit2.o)
    0x0000013e   0x00000000   Code   RO          413    .ARM.Collect$$libinit$$0000000A  c_p.l(libinit2.o)
    0x0000013e   0x00000000   Code   RO          415    .ARM.Collect$$libinit$$0000000C  c_p.l(libinit2.o)
    0x0000013e   0x00000000   Code   RO          417    .ARM.Collect$$libinit$$0000000E  c_p.l(libinit2.o)
    0x0000013e   0x00000000   Code   RO          420    .ARM.Collect$$libinit$$00000011  c_p.l(libinit2.o)
    0x0000013e   0x00000000   Code   RO          422    .ARM.Collect$$libinit$$00000013  c_p.l(libinit2.o)
    0x0000013e   0x00000000   Code   RO          424    .ARM.Collect$$libinit$$00000015  c_p.l(libinit2.o)
    0x0000013e   0x00000000   Code   RO          426    .ARM.Collect$$libinit$$00000017  c_p.l(libinit2.o)
    0x0000013e   0x00000000   Code   RO          428    .ARM.Collect$$libinit$$00000019  c_p.l(libinit2.o)
    0x0000013e   0x00000000   Code   RO          430    .ARM.Collect$$libinit$$0000001B  c_p.l(libinit2.o)
    0x0000013e   0x00000000   Code   RO          432    .ARM.Collect$$libinit$$0000001D  c_p.l(libinit2.o)
    0x0000013e   0x00000000   Code   RO          434    .ARM.Collect$$libinit$$0000001F  c_p.l(libinit2.o)
    0x0000013e   0x00000000   Code   RO          436    .ARM.Collect$$libinit$$00000021  c_p.l(libinit2.o)
    0x0000013e   0x00000000   Code   RO          438    .ARM.Collect$$libinit$$00000023  c_p.l(libinit2.o)
    0x0000013e   0x00000000   Code   RO          440    .ARM.Collect$$libinit$$00000025  c_p.l(libinit2.o)
    0x0000013e   0x00000000   Code   RO          444    .ARM.Collect$$libinit$$0000002C  c_p.l(libinit2.o)
    0x0000013e   0x00000000   Code   RO          446    .ARM.Collect$$libinit$$0000002E  c_p.l(libinit2.o)
    0x0000013e   0x00000000   Code   RO          448    .ARM.Collect$$libinit$$00000030  c_p.l(libinit2.o)
    0x0000013e   0x00000000   Code   RO          450    .ARM.Collect$$libinit$$00000032  c_p.l(libinit2.o)
    0x0000013e   0x00000002   Code   RO          451    .ARM.Collect$$libinit$$00000033  c_p.l(libinit2.o)
    0x00000140   0x00000002   Code   RO          482    .ARM.Collect$$libshutdown$$00000000  c_p.l(libshutdown.o)
    0x00000142   0x00000000   Code   RO          509    .ARM.Collect$$libshutdown$$00000003  c_p.l(libshutdown2.o)
    0x00000142   0x00000000   Code   RO          512    .ARM.Collect$$libshutdown$$00000006  c_p.l(libshutdown2.o)
    0x00000142   0x00000000   Code   RO          515    .ARM.Collect$$libshutdown$$00000009  c_p.l(libshutdown2.o)
    0x00000142   0x00000000   Code   RO          517    .ARM.Collect$$libshutdown$$0000000B  c_p.l(libshutdown2.o)
    0x00000142   0x00000000   Code   RO          520    .ARM.Collect$$libshutdown$$0000000E  c_p.l(libshutdown2.o)
    0x00000142   0x00000002   Code   RO          521    .ARM.Collect$$libshutdown$$0000000F  c_p.l(libshutdown2.o)
    0x00000144   0x00000000   Code   RO          358    .ARM.Collect$$rtentry$$00000000  c_p.l(__rtentry.o)
    0x00000144   0x00000000   Code   RO          364    .ARM.Collect$$rtentry$$00000002  c_p.l(__rtentry2.o)
    0x00000144   0x00000006   Code   RO          376    .ARM.Collect$$rtentry$$00000004  c_p.l(__rtentry4.o)
    0x0000014a   0x00000000   Code   RO          366    .ARM.Collect$$rtentry$$00000009  c_p.l(__rtentry2.o)
    0x0000014a   0x00000004   Code   RO          367    .ARM.Collect$$rtentry$$0000000A  c_p.l(__rtentry2.o)
    0x0000014e   0x00000000   Code   RO          369    .ARM.Collect$$rtentry$$0000000C  c_p.l(__rtentry2.o)
    0x0000014e   0x00000008   Code   RO          370    .ARM.Collect$$rtentry$$0000000D  c_p.l(__rtentry2.o)
    0x00000156   0x00000002   Code   RO          399    .ARM.Collect$$rtexit$$00000000  c_p.l(rtexit.o)
    0x00000158   0x00000000   Code   RO          455    .ARM.Collect$$rtexit$$00000002  c_p.l(rtexit2.o)
    0x00000158   0x00000004   Code   RO          456    .ARM.Collect$$rtexit$$00000003  c_p.l(rtexit2.o)
    0x0000015c   0x00000006   Code   RO          457    .ARM.Collect$$rtexit$$00000004  c_p.l(rtexit2.o)
    0x00000162   0x00000002   PAD
    0x00000164   0x000001c0   Code   RO           13    .text               system_lpc11uxx.o
    0x00000324   0x00000034   Code   RO           52    .text               startup_lpc11uxx.o
    0x00000358   0x000002b8   Code   RO           56    .text               usbcore.o
    0x00000610   0x000006a8   Code   RO          152    .text               usbhw.o
    0x00000cb8   0x000000a0   Code   RO          196    .text               hiduser.o
    0x00000d58   0x00000258   Code   RO          222    .text               cdcuser.o
    0x00000fb0   0x00000238   Code   RO          242    .text               serial.o
    0x000011e8   0x00000060   Code   RO          283    .text               usbuser.o
    0x00001248   0x00000144   Code   RO          307    .text               demo.o
    0x0000138c   0x00000022   Code   RO          346    .text               c_p.l(uread4.o)
    0x000013ae   0x00000010   Code   RO          348    .text               c_p.l(uwrite4.o)
    0x000013be   0x0000015a   Code   RO          350    .text               c_p.l(aeabi_sdiv.o)
    0x00001518   0x00000006   Code   RO          354    .text               c_p.l(heapauxi.o)
    0x0000151e   0x0000003e   Code   RO          380    .text               c_p.l(sys_stackheap_outer.o)
    0x0000155c   0x0000000c   Code   RO          383    .text               c_p.l(exit.o)
    0x00001568   0x00000008   Code   RO          395    .text               c_p.l(libspace.o)
    0x00001570   0x0000000c   Code   RO          452    .text               c_p.l(sys_exit.o)
    0x0000157c   0x00000002   Code   RO          471    .text               c_p.l(use_no_semi.o)
    0x0000157e   0x00000000   Code   RO          473    .text               c_p.l(indicate_semi.o)
    0x0000157e   0x00000002   PAD
    0x00001580   0x000000e4   Code   RO           75    i.USB_ReqGetDescriptor  usbcore.o
    0x00001664   0x00000084   Code   RO           93    i.USB_ReqGetStatus  usbcore.o
    0x000016e8   0x000000a0   Code   RO           69    i.USB_ReqSetClrFeature  usbcore.o
    0x00001788   0x00000158   Code   RO           81    i.USB_ReqSetConfiguration  usbcore.o
    0x000018e0   0x0000010c   Code   RO           87    i.USB_ReqSetInterface  usbcore.o
    0x000019ec   0x0000001a   Code   RO           28    i.__ARM_common_switch8  system_lpc11uxx.o
    0x00001a06   0x0000002c   Data   RO          261    .constdata          usbdesc.o
    0x00001a32   0x00000002   Data   RO          262    .constdata          usbdesc.o
    0x00001a34   0x00000012   Data   RO          263    .constdata          usbdesc.o
    0x00001a46   0x0000006c   Data   RO          264    .constdata          usbdesc.o
    0x00001ab2   0x000000d8   Data   RO          265    .constdata          usbdesc.o
    0x00001b8a   0x0000000a   Data   RO          266    .constdata          usbdesc.o
    0x00001b94   0x00000014   Data   RO          284    .constdata          usbuser.o
    0x00001ba8   0x00000020   Data   RO          522    Region$$Table       anon$$obj.o


    Execution Region RW_IRAM1 (Base: 0x10000000, Size: 0x00000620, Max: 0x00002000, ABSOLUTE)

    Base Addr    Size         Type   Attr      Idx    E Section Name        Object

    0x10000000   0x00000004   Data   RW           14    .data               system_lpc11uxx.o
    0x10000004   0x00000028   Data   RW           58    .data               usbcore.o
    0x1000002c   0x0000000c   Data   RW          154    .data               usbhw.o
    0x10000038   0x00000002   Data   RW          197    .data               hiduser.o
    0x1000003a   0x0000000d   Data   RW          224    .data               cdcuser.o
    0x10000047   0x00000001   PAD
    0x10000048   0x00000008   Data   RW          244    .data               serial.o
    0x10000050   0x00000004   Data   RW          267    .data               usbdesc.o
    0x10000054   0x00000002   Data   RW          285    .data               usbuser.o
    0x10000056   0x00000006   Data   RW          309    .data               demo.o
    0x1000005c   0x00000040   Zero   RW           57    .bss                usbcore.o
    0x1000009c   0x000000a0   Zero   RW          153    .bss                usbhw.o
    0x1000013c   0x00000114   Zero   RW          223    .bss                cdcuser.o
    0x10000250   0x00000110   Zero   RW          243    .bss                serial.o
    0x10000360   0x00000060   Zero   RW          308    .bss                demo.o
    0x100003c0   0x00000060   Zero   RW          396    .bss                c_p.l(libspace.o)
    0x10000420   0x00000000   Zero   RW           50    HEAP                startup_lpc11uxx.o
    0x10000420   0x00000200   Zero   RW           49    STACK               startup_lpc11uxx.o


==============================================================================

Image component sizes


      Code (inc. data)   RO Data    RW Data    ZI Data      Debug   Object Name

       600         14          0         13        276       5562   cdcuser.o
         0          0          0          0          0       4504   core_cm0.o
       324         30          0          6         96       2595   demo.o
       160         22          0          2          0       2094   hiduser.o
       568         30          0          8        272       4038   serial.o
        52         22        192          0        512        656   startup_lpc11uxx.o
       474         94          0          4          0      10393   system_lpc11uxx.o
      1828        128          0         40         64      20093   usbcore.o
         0          0        398          4          0       1091   usbdesc.o
      1704         94          0         12        160      22720   usbhw.o
        96         10         20          2          0       2023   usbuser.o

    ----------------------------------------------------------------------
      5806        444        642         92       1380      75769   Object Totals
         0          0         32          0          0          0   (incl. Generated)
         0          0          0          1          0          0   (incl. Padding)

    ----------------------------------------------------------------------

      Code (inc. data)   RO Data    RW Data    ZI Data      Debug   Library Member Name

         8          0          0          0          0         68   __main.o
         0          0          0          0          0          0   __rtentry.o
        12          0          0          0          0          0   __rtentry2.o
         6          0          0          0          0          0   __rtentry4.o
        60          8          0          0          0          0   __scatter.o
        26          0          0          0          0          0   __scatter_copy.o
        28          0          0          0          0          0   __scatter_zi.o
       346          0          0          0          0         92   aeabi_sdiv.o
        12          0          0          0          0         64   exit.o
         6          0          0          0          0        136   heapauxi.o
         0          0          0          0          0          0   indicate_semi.o
         2          0          0          0          0          0   libinit.o
         2          0          0          0          0          0   libinit2.o
         2          0          0          0          0          0   libshutdown.o
         2          0          0          0          0          0   libshutdown2.o
         8          4          0          0         96         68   libspace.o
         2          0          0          0          0          0   rtexit.o
        10          0          0          0          0          0   rtexit2.o
        12          4          0          0          0         60   sys_exit.o
        62          0          0          0          0         80   sys_stackheap_outer.o
        34          0          0          0          0         60   uread4.o
         2          0          0          0          0         68   use_no_semi.o
        16          0          0          0          0         60   uwrite4.o

    ----------------------------------------------------------------------
       664         16          0          0         96        756   Library Totals
         6          0          0          0          0          0   (incl. Padding)

    ----------------------------------------------------------------------

      Code (inc. data)   RO Data    RW Data    ZI Data      Debug   Library Name

       658         16          0          0         96        756   c_p.l

    ----------------------------------------------------------------------
       664         16          0          0         96        756   Library Totals

    ----------------------------------------------------------------------

==============================================================================


      Code (inc. data)   RO Data    RW Data    ZI Data      Debug   

      6470        460        642         92       1476      75105   Grand Totals
      6470        460        642         92       1476      75105   ELF Image Totals
      6470        460        642         92          0          0   ROM Totals

==============================================================================

    Total RO  Size (Code + RO Data)                 7112 (   6.95kB)
    Total RW  Size (RW Data + ZI Data)              1568 (   1.53kB)
    Total ROM Size (Code + RO Data + RW Data)       7204 (   7.04kB)

==============================================================================

