<html>
<body>
<pre>
<h1>µVision Build Log</h1>
<h2>Tool Versions:</h2>
IDE-Version: ¦ÌVision V5.23.0.0
Copyright (C) 2017 ARM Ltd and ARM Germany GmbH. All rights reserved.
License Information: lin lin, Microsoft, LIC=1WS45-GHGIB-D0ZN3-AD61N-PS14N-GNYAD
 
Tool Versions:
Toolchain:       MDK-ARM Professional  Version: 5.23
Toolchain Path:  E:\keil\ARM\ARMCC\Bin
C Compiler:      Armcc.exe V5.06 update 4 (build 422)
Assembler:       Armasm.exe V5.06 update 4 (build 422)
Linker/Locator:  ArmLink.exe V5.06 update 4 (build 422)
Library Manager: ArmAr.exe V5.06 update 4 (build 422)
Hex Converter:   FromElf.exe V5.06 update 4 (build 422)
CPU DLL:         SARMCM3.DLL V5.23
Dialog DLL:      DARMCM1.DLL V1.17.0.0
Target DLL:      STLink\ST-LINKIII-KEIL_SWO.dll V2.0.18.0
Dialog DLL:      TARMCM1.DLL V1.12.0.0
 
<h2>Project:</h2>
C:\Users\test\Desktop\LPC_SPI-ÐÞ¸Ä\SPI.uvprojx
Project File Date:  01/10/2018

<h2>Output:</h2>
*** Using Compiler 'V5.06 update 4 (build 422)', folder: 'E:\keil\ARM\ARMCC\Bin'
Rebuild target 'SPI'
compiling sbl_master.c...
compiling main.c...
main\main.c(44): warning:  #111-D: statement is unreachable
  	return 0;
main\main.c: 1 warning, 0 errors
compiling LPC11xx_uart.c...
compiling LPC11xx_debug.c...
compiling spi.c...
LIB\spi.c(235): warning:  #177-D: variable "tmp"  was declared but never referenced
  	uint32_t tmp;	
LIB\spi.c: 1 warning, 0 errors
assembling startup_LPC11Uxx.s...
compiling fpm.c...
FPM\fpm.c(136): warning:  #550-D: variable "cmdMesg"  was set but never used
  	commandStruct cmdMesg;
FPM\fpm.c(261): warning:  #177-D: variable "transfer"  was declared but never referenced
  	SBL_TRANSER_Type transfer;
FPM\fpm.c(262): warning:  #177-D: variable "ret"  was declared but never referenced
  	int16_t ret;
FPM\fpm.c(263): warning:  #550-D: variable "cmdMesg"  was set but never used
  	commandStruct cmdMesg;
FPM\fpm.c(408): warning:  #550-D: variable "cmdMesg"  was set but never used
      commandStruct cmdMesg;
FPM\fpm.c(430): warning:  #550-D: variable "tempBuffer"  was set but never used
  	unsigned char tempBuffer[sizeof(cmdMesg)];
FPM\fpm.c(908): warning:  #550-D: variable "cmdMesg"  was set but never used
  	commandStruct cmdMesg;
FPM\fpm.c(933): warning:  #550-D: variable "tempBuffer"  was set but never used
  	unsigned char tempBuffer[sizeof(cmdMesg)];
FPM\fpm.c: 8 warnings, 0 errors
compiling system_LPC11Uxx.c...
linking...
Program Size: Code=2596 RO-data=288 RW-data=4 ZI-data=620  
FromELF: creating hex file...
After Build - User command #1: E:\keil\\ARM\BIN\ELFDWT.EXE .\Objects\SPI.axf BASEADDRESS(0x0)
ELFDWT - Signature Creator V1.2.0.0
COPYRIGHT Copyright (C) 2014-2016, ARM Ldt. and  ARM Germany GmbH
*** Updated Signature over Range[32] (0x00000000 - 0x00000018): @0x0000001C = 0xEFFFF94F
*** Processing completed, no Errors.
".\Objects\SPI.axf" - 0 Error(s), 10 Warning(s).

<h2>Software Packages used:</h2>

Package Vendor: ARM
                http://www.keil.com/pack/ARM.CMSIS.5.0.1.pack
                ARM::CMSIS:CORE:5.0.1
                CMSIS (Cortex Microcontroller Software Interface Standard)
   * Component: CORE Version: 5.0.1

Package Vendor: Keil
                http://www.keil.com/pack/Keil.LPC1100_DFP.1.4.0.pack
                Keil::Device:Startup:1.0.0
                NXP LPC1100 Series Device Support
   * Component: Startup Version: 1.0.0

<h2>Collection of Component include folders:</h2>
  .\RTE\_SPI
  E:\keil\ARM\PACK\ARM\CMSIS\5.0.1\CMSIS\Include
  E:\keil\ARM\PACK\Keil\LPC1100_DFP\1.4.0\Device\Include\LPC11Uxx

<h2>Collection of Component Files used:</h2>

   * Component: ARM::CMSIS:CORE:5.0.1

   * Component: Keil::Device:Startup:1.0.0
      Source file:   Device\Source\ARM\startup_LPC11Uxx.s
      Source file:   Device\Source\system_LPC11Uxx.c
Build Time Elapsed:  00:00:04
</pre>
</body>
</html>
