Component: ARM Compiler 5.06 update 4 (build 422) Tool: armlink [4d35d2]

==============================================================================

Section Cross References

    system_lpc11uxx.o(.text) refers to system_lpc11uxx.o(i.__ARM_common_switch8) for __ARM_common_switch8
    system_lpc11uxx.o(.text) refers to aeabi_sdiv.o(.text) for __aeabi_uidivmod
    system_lpc11uxx.o(.text) refers to system_lpc11uxx.o(.data) for .data
    startup_lpc11uxx.o(STACK) refers (Special) to heapauxi.o(.text) for __use_two_region_memory
    startup_lpc11uxx.o(HEAP) refers (Special) to heapauxi.o(.text) for __use_two_region_memory
    startup_lpc11uxx.o(RESET) refers (Special) to heapauxi.o(.text) for __use_two_region_memory
    startup_lpc11uxx.o(RESET) refers to startup_lpc11uxx.o(STACK) for __initial_sp
    startup_lpc11uxx.o(RESET) refers to startup_lpc11uxx.o(.text) for Reset_Handler
    startup_lpc11uxx.o(RESET) refers to serial.o(.text) for UART_IRQHandler
    startup_lpc11uxx.o(RESET) refers to usbhw.o(.text) for USB_IRQHandler
    startup_lpc11uxx.o(.text) refers (Special) to heapauxi.o(.text) for __use_two_region_memory
    startup_lpc11uxx.o(.text) refers to system_lpc11uxx.o(.text) for SystemInit
    startup_lpc11uxx.o(.text) refers to __main.o(!!!main) for __main
    startup_lpc11uxx.o(.text) refers to startup_lpc11uxx.o(HEAP) for Heap_Mem
    startup_lpc11uxx.o(.text) refers to startup_lpc11uxx.o(STACK) for Stack_Mem
    usbcore.o(.text) refers to usbhw.o(.text) for USB_ReadSetupEP
    usbcore.o(.text) refers to usbcore.o(.data) for .data
    usbcore.o(.text) refers to usbcore.o(.bss) for .bss
    usbcore.o(.text) refers to usbdesc.o(.data) for pConfigDescriptor
    usbcore.o(.text) refers to usbdesc.o(.constdata) for USB_DeviceDescriptor
    usbcore.o(.text) refers to usbdesc.o(.constdata) for USB_StringDescriptor
    usbcore.o(.text) refers to usbdesc.o(.constdata) for USB_DeviceQualifier
    usbcore.o(.text) refers to usbdesc.o(.constdata) for HID_ReportDescriptor
    usbcore.o(.text) refers to usbdesc.o(.constdata) for HID_ReportDescSize
    usbcore.o(.text) refers to system_lpc11uxx.o(i.__ARM_common_switch8) for __ARM_common_switch8
    usbcore.o(.text) refers to hiduser.o(.text) for HID_GetReport
    usbcore.o(.text) refers to mscuser.o(.text) for MSC_Reset
    usbcore.o(.text) refers to cdcuser.o(.text) for CDC_GetEncapsulatedResponse
    usbhw.o(.text) refers to uwrite4.o(.text) for __aeabi_uwrite4
    usbhw.o(.text) refers to usbhw.o(.bss) for .bss
    usbhw.o(.text) refers to usbhw.o(.data) for .data
    usbhw.o(.text) refers to usbcore.o(.data) for USB_DeviceStatus
    usbhw.o(.text) refers to uread4.o(.text) for __aeabi_uread4
    usbhw.o(.text) refers to usbuser.o(.text) for USB_Reset_Event
    usbhw.o(.text) refers to usbuser.o(.constdata) for USB_P_EP
    cdcuser.o(.text) refers to serial.o(.text) for ser_LineState
    cdcuser.o(.text) refers to uread4.o(.text) for __aeabi_uread4
    cdcuser.o(.text) refers to uwrite4.o(.text) for __aeabi_uwrite4
    cdcuser.o(.text) refers to usbhw.o(.text) for USB_WriteEP
    cdcuser.o(.text) refers to cdcuser.o(.bss) for .bss
    cdcuser.o(.text) refers to cdcuser.o(.data) for .data
    cdcuser.o(.text) refers to usbcore.o(.bss) for EP0Buf
    hiduser.o(.text) refers to demo.o(.text) for GetInReport
    hiduser.o(.text) refers to usbcore.o(.data) for SetupPacket
    hiduser.o(.text) refers to demo.o(.data) for InReport
    hiduser.o(.text) refers to usbcore.o(.bss) for EP0Buf
    hiduser.o(.text) refers to hiduser.o(.data) for .data
    mscuser.o(.text) refers to usbhw.o(.text) for USB_SetStallEP
    mscuser.o(.text) refers to uwrite4.o(.text) for __aeabi_uwrite4
    mscuser.o(.text) refers to uread4.o(.text) for __aeabi_uread4
    mscuser.o(.text) refers to usbcore.o(.data) for USB_EndPointHalt
    mscuser.o(.text) refers to mscuser.o(.bss) for .bss
    mscuser.o(.text) refers to mscuser.o(.data) for .data
    mscuser.o(.text) refers to usbcore.o(.bss) for EP0Buf
    serial.o(.text) refers to aeabi_sdiv.o(.text) for __aeabi_uidivmod
    serial.o(.text) refers to serial.o(.bss) for .bss
    serial.o(.text) refers to system_lpc11uxx.o(.data) for SystemCoreClock
    serial.o(.text) refers to serial.o(.data) for .data
    demo.o(.text) refers to usbhw.o(.text) for Endpoint_IsINReady
    demo.o(.text) refers to cdcuser.o(.text) for CDC_Init
    demo.o(.text) refers to serial.o(.text) for ser_AvailChar
    demo.o(.text) refers to system_lpc11uxx.o(.text) for SystemCoreClockUpdate
    demo.o(.text) refers to demo.o(.data) for .data
    demo.o(.text) refers to usbcore.o(.data) for USB_Configuration
    demo.o(.text) refers to cdcuser.o(.data) for CDC_DepInEmpty
    demo.o(.text) refers to demo.o(.bss) for .bss
    demo.o(.text) refers to diskimg.o(.constdata) for DiskImage
    demo.o(.text) refers to mscuser.o(.bss) for Memory
    usbuser.o(.text) refers to usbcore.o(.text) for USB_ResetCore
    usbuser.o(.text) refers to cdcuser.o(.text) for CDC_StartOfFrame
    usbuser.o(.text) refers to mscuser.o(.text) for MSC_BulkIn
    usbuser.o(.text) refers to usbhw.o(.text) for USB_ReadEP
    usbuser.o(.text) refers to demo.o(.text) for SetOutReport
    usbuser.o(.text) refers to usbuser.o(.data) for .data
    usbuser.o(.text) refers to demo.o(.data) for OutReport
    usbuser.o(.constdata) refers to usbcore.o(.text) for USB_EndPoint0
    usbuser.o(.constdata) refers to usbuser.o(.text) for USB_EndPoint1
    usbdesc.o(.data) refers to usbdesc.o(.constdata) for USB_ConfigDescriptor
    __main.o(!!!main) refers to __rtentry.o(.ARM.Collect$$rtentry$$00000000) for __rt_entry
    __rtentry.o(.ARM.Collect$$rtentry$$00000000) refers (Special) to __rtentry2.o(.ARM.Collect$$rtentry$$0000000A) for __rt_entry_li
    __rtentry.o(.ARM.Collect$$rtentry$$00000000) refers (Special) to __rtentry2.o(.ARM.Collect$$rtentry$$0000000D) for __rt_entry_main
    __rtentry.o(.ARM.Collect$$rtentry$$00000000) refers (Special) to __rtentry2.o(.ARM.Collect$$rtentry$$0000000C) for __rt_entry_postli_1
    __rtentry.o(.ARM.Collect$$rtentry$$00000000) refers (Special) to __rtentry2.o(.ARM.Collect$$rtentry$$00000009) for __rt_entry_postsh_1
    __rtentry.o(.ARM.Collect$$rtentry$$00000000) refers (Special) to __rtentry2.o(.ARM.Collect$$rtentry$$00000002) for __rt_entry_presh_1
    __rtentry.o(.ARM.Collect$$rtentry$$00000000) refers (Special) to __rtentry4.o(.ARM.Collect$$rtentry$$00000004) for __rt_entry_sh
    aeabi_idiv0_sigfpe.o(.text) refers to rt_div0.o(.text) for __rt_div0
    __rtentry2.o(.ARM.Collect$$rtentry$$00000008) refers to boardinit2.o(.text) for _platform_post_stackheap_init
    __rtentry2.o(.ARM.Collect$$rtentry$$0000000A) refers to libinit.o(.ARM.Collect$$libinit$$00000000) for __rt_lib_init
    __rtentry2.o(.ARM.Collect$$rtentry$$0000000B) refers to boardinit3.o(.text) for _platform_post_lib_init
    __rtentry2.o(.ARM.Collect$$rtentry$$0000000D) refers to demo.o(.text) for main
    __rtentry2.o(.ARM.Collect$$rtentry$$0000000D) refers to exit.o(.text) for exit
    __rtentry2.o(.ARM.exidx) refers to __rtentry2.o(.ARM.Collect$$rtentry$$00000001) for .ARM.Collect$$rtentry$$00000001
    __rtentry2.o(.ARM.exidx) refers to __rtentry2.o(.ARM.Collect$$rtentry$$00000008) for .ARM.Collect$$rtentry$$00000008
    __rtentry2.o(.ARM.exidx) refers to __rtentry2.o(.ARM.Collect$$rtentry$$0000000A) for .ARM.Collect$$rtentry$$0000000A
    __rtentry2.o(.ARM.exidx) refers to __rtentry2.o(.ARM.Collect$$rtentry$$0000000B) for .ARM.Collect$$rtentry$$0000000B
    __rtentry2.o(.ARM.exidx) refers to __rtentry2.o(.ARM.Collect$$rtentry$$0000000D) for .ARM.Collect$$rtentry$$0000000D
    __rtentry4.o(.ARM.Collect$$rtentry$$00000004) refers to sys_stackheap_outer.o(.text) for __user_setup_stackheap
    __rtentry4.o(.ARM.exidx) refers to __rtentry4.o(.ARM.Collect$$rtentry$$00000004) for .ARM.Collect$$rtentry$$00000004
    rt_div0.o(.text) refers to defsig_fpe_outer.o(.text) for __rt_SIGFPE
    sys_stackheap_outer.o(.text) refers to libspace.o(.text) for __user_perproc_libspace
    sys_stackheap_outer.o(.text) refers to startup_lpc11uxx.o(.text) for __user_initial_stackheap
    sys_stackheap_outer.o(__vectab_stack_and_reset_area) refers to tempstk.o(.text) for __temporary_stack_top
    sys_stackheap_outer.o(__vectab_stack_and_reset_area) refers to __main.o(!!!main) for __main
    exit.o(.text) refers to rtexit.o(.ARM.Collect$$rtexit$$00000000) for __rt_exit
    defsig_fpe_outer.o(.text) refers to defsig_fpe_inner.o(.text) for __rt_SIGFPE_inner
    defsig_fpe_outer.o(.text) refers to defsig_exit.o(.text) for __sig_exit
    defsig_fpe_formal.o(.text) refers to rt_raise.o(.text) for __rt_raise
    libinit.o(.ARM.Collect$$libinit$$00000000) refers (Special) to libinit2.o(.ARM.Collect$$libinit$$0000002E) for __rt_lib_init_alloca_1
    libinit.o(.ARM.Collect$$libinit$$00000000) refers (Special) to libinit2.o(.ARM.Collect$$libinit$$0000002C) for __rt_lib_init_argv_1
    libinit.o(.ARM.Collect$$libinit$$00000000) refers (Special) to libinit2.o(.ARM.Collect$$libinit$$0000001B) for __rt_lib_init_atexit_1
    libinit.o(.ARM.Collect$$libinit$$00000000) refers (Special) to libinit2.o(.ARM.Collect$$libinit$$00000021) for __rt_lib_init_clock_1
    libinit.o(.ARM.Collect$$libinit$$00000000) refers (Special) to libinit2.o(.ARM.Collect$$libinit$$00000032) for __rt_lib_init_cpp_1
    libinit.o(.ARM.Collect$$libinit$$00000000) refers (Special) to libinit2.o(.ARM.Collect$$libinit$$00000030) for __rt_lib_init_exceptions_1
    libinit.o(.ARM.Collect$$libinit$$00000000) refers (Special) to libinit2.o(.ARM.Collect$$libinit$$00000002) for __rt_lib_init_fp_1
    libinit.o(.ARM.Collect$$libinit$$00000000) refers (Special) to libinit2.o(.ARM.Collect$$libinit$$0000001F) for __rt_lib_init_fp_trap_1
    libinit.o(.ARM.Collect$$libinit$$00000000) refers (Special) to libinit2.o(.ARM.Collect$$libinit$$00000023) for __rt_lib_init_getenv_1
    libinit.o(.ARM.Collect$$libinit$$00000000) refers (Special) to libinit2.o(.ARM.Collect$$libinit$$0000000A) for __rt_lib_init_heap_1
    libinit.o(.ARM.Collect$$libinit$$00000000) refers (Special) to libinit2.o(.ARM.Collect$$libinit$$00000011) for __rt_lib_init_lc_collate_1
    libinit.o(.ARM.Collect$$libinit$$00000000) refers (Special) to libinit2.o(.ARM.Collect$$libinit$$00000013) for __rt_lib_init_lc_ctype_1
    libinit.o(.ARM.Collect$$libinit$$00000000) refers (Special) to libinit2.o(.ARM.Collect$$libinit$$00000015) for __rt_lib_init_lc_monetary_1
    libinit.o(.ARM.Collect$$libinit$$00000000) refers (Special) to libinit2.o(.ARM.Collect$$libinit$$00000017) for __rt_lib_init_lc_numeric_1
    libinit.o(.ARM.Collect$$libinit$$00000000) refers (Special) to libinit2.o(.ARM.Collect$$libinit$$00000019) for __rt_lib_init_lc_time_1
    libinit.o(.ARM.Collect$$libinit$$00000000) refers (Special) to libinit2.o(.ARM.Collect$$libinit$$00000004) for __rt_lib_init_preinit_1
    libinit.o(.ARM.Collect$$libinit$$00000000) refers (Special) to libinit2.o(.ARM.Collect$$libinit$$0000000E) for __rt_lib_init_rand_1
    libinit.o(.ARM.Collect$$libinit$$00000000) refers (Special) to libinit2.o(.ARM.Collect$$libinit$$00000033) for __rt_lib_init_return
    libinit.o(.ARM.Collect$$libinit$$00000000) refers (Special) to libinit2.o(.ARM.Collect$$libinit$$0000001D) for __rt_lib_init_signal_1
    libinit.o(.ARM.Collect$$libinit$$00000000) refers (Special) to libinit2.o(.ARM.Collect$$libinit$$00000025) for __rt_lib_init_stdio_1
    libinit.o(.ARM.Collect$$libinit$$00000000) refers (Special) to libinit2.o(.ARM.Collect$$libinit$$0000000C) for __rt_lib_init_user_alloc_1
    libspace.o(.text) refers to libspace.o(.bss) for __libspace_start
    rtexit.o(.ARM.Collect$$rtexit$$00000000) refers (Special) to rtexit2.o(.ARM.Collect$$rtexit$$00000004) for __rt_exit_exit
    rtexit.o(.ARM.Collect$$rtexit$$00000000) refers (Special) to rtexit2.o(.ARM.Collect$$rtexit$$00000003) for __rt_exit_ls
    rtexit.o(.ARM.Collect$$rtexit$$00000000) refers (Special) to rtexit2.o(.ARM.Collect$$rtexit$$00000002) for __rt_exit_prels_1
    rtexit.o(.ARM.exidx) refers (Special) to rtexit2.o(.ARM.Collect$$rtexit$$00000004) for __rt_exit_exit
    rtexit.o(.ARM.exidx) refers (Special) to rtexit2.o(.ARM.Collect$$rtexit$$00000003) for __rt_exit_ls
    rtexit.o(.ARM.exidx) refers (Special) to rtexit2.o(.ARM.Collect$$rtexit$$00000002) for __rt_exit_prels_1
    rtexit.o(.ARM.exidx) refers to rtexit.o(.ARM.Collect$$rtexit$$00000000) for .ARM.Collect$$rtexit$$00000000
    rt_raise.o(.text) refers to __raise.o(.text) for __raise
    rt_raise.o(.text) refers to sys_exit.o(.text) for _sys_exit
    defsig_exit.o(.text) refers to sys_exit.o(.text) for _sys_exit
    defsig_fpe_inner.o(.text) refers to defsig_general.o(.text) for __default_signal_display
    libinit2.o(.ARM.Collect$$libinit$$00000010) refers to libinit2.o(.ARM.Collect$$libinit$$0000000F) for .ARM.Collect$$libinit$$0000000F
    libinit2.o(.ARM.Collect$$libinit$$00000012) refers to libinit2.o(.ARM.Collect$$libinit$$0000000F) for .ARM.Collect$$libinit$$0000000F
    libinit2.o(.ARM.Collect$$libinit$$00000014) refers to libinit2.o(.ARM.Collect$$libinit$$0000000F) for .ARM.Collect$$libinit$$0000000F
    libinit2.o(.ARM.Collect$$libinit$$00000016) refers to libinit2.o(.ARM.Collect$$libinit$$0000000F) for .ARM.Collect$$libinit$$0000000F
    libinit2.o(.ARM.Collect$$libinit$$00000018) refers to libinit2.o(.ARM.Collect$$libinit$$0000000F) for .ARM.Collect$$libinit$$0000000F
    libinit2.o(.ARM.Collect$$libinit$$00000026) refers to argv_veneer.o(.text) for __ARM_argv_veneer
    libinit2.o(.ARM.Collect$$libinit$$00000027) refers to argv_veneer.o(.text) for __ARM_argv_veneer
    sys_exit.o(.text) refers (Special) to use_no_semi.o(.text) for __I$use$semihosting
    sys_exit.o(.text) refers (Special) to indicate_semi.o(.text) for __semihosting_library_function
    rtexit2.o(.ARM.Collect$$rtexit$$00000003) refers to libshutdown.o(.ARM.Collect$$libshutdown$$00000000) for __rt_lib_shutdown
    rtexit2.o(.ARM.Collect$$rtexit$$00000004) refers to sys_exit.o(.text) for _sys_exit
    rtexit2.o(.ARM.exidx) refers to rtexit2.o(.ARM.Collect$$rtexit$$00000001) for .ARM.Collect$$rtexit$$00000001
    rtexit2.o(.ARM.exidx) refers to rtexit2.o(.ARM.Collect$$rtexit$$00000003) for .ARM.Collect$$rtexit$$00000003
    rtexit2.o(.ARM.exidx) refers to rtexit2.o(.ARM.Collect$$rtexit$$00000004) for .ARM.Collect$$rtexit$$00000004
    __raise.o(.text) refers to defsig.o(CL$$defsig) for __default_signal_handler
    defsig_general.o(.text) refers to sys_wrch.o(.text) for _ttywrch
    sys_wrch.o(.text) refers (Special) to use_no_semi.o(.text) for __I$use$semihosting
    sys_wrch.o(.text) refers (Special) to indicate_semi.o(.text) for __semihosting_library_function
    defsig.o(CL$$defsig) refers to defsig_fpe_inner.o(.text) for __rt_SIGFPE_inner
    defsig.o(CL$$defsig) refers to defsig_rtmem_inner.o(.text) for __rt_SIGRTMEM_inner
    _get_argv_nomalloc.o(.text) refers (Special) to hrguard.o(.text) for __heap_region$guard
    _get_argv_nomalloc.o(.text) refers to defsig_rtmem_outer.o(.text) for __rt_SIGRTMEM
    _get_argv_nomalloc.o(.text) refers to sys_command.o(.text) for _sys_command_string
    libshutdown.o(.ARM.Collect$$libshutdown$$00000000) refers (Special) to libshutdown2.o(.ARM.Collect$$libshutdown$$00000002) for __rt_lib_shutdown_cpp_1
    libshutdown.o(.ARM.Collect$$libshutdown$$00000000) refers (Special) to libshutdown2.o(.ARM.Collect$$libshutdown$$00000007) for __rt_lib_shutdown_fp_trap_1
    libshutdown.o(.ARM.Collect$$libshutdown$$00000000) refers (Special) to libshutdown2.o(.ARM.Collect$$libshutdown$$0000000F) for __rt_lib_shutdown_heap_1
    libshutdown.o(.ARM.Collect$$libshutdown$$00000000) refers (Special) to libshutdown2.o(.ARM.Collect$$libshutdown$$00000010) for __rt_lib_shutdown_return
    libshutdown.o(.ARM.Collect$$libshutdown$$00000000) refers (Special) to libshutdown2.o(.ARM.Collect$$libshutdown$$0000000A) for __rt_lib_shutdown_signal_1
    libshutdown.o(.ARM.Collect$$libshutdown$$00000000) refers (Special) to libshutdown2.o(.ARM.Collect$$libshutdown$$00000004) for __rt_lib_shutdown_stdio_1
    libshutdown.o(.ARM.Collect$$libshutdown$$00000000) refers (Special) to libshutdown2.o(.ARM.Collect$$libshutdown$$0000000C) for __rt_lib_shutdown_user_alloc_1
    sys_command.o(.text) refers (Special) to use_no_semi.o(.text) for __I$use$semihosting
    sys_command.o(.text) refers (Special) to indicate_semi.o(.text) for __semihosting_library_function
    defsig_abrt_inner.o(.text) refers to defsig_general.o(.text) for __default_signal_display
    defsig_rtred_inner.o(.text) refers to defsig_general.o(.text) for __default_signal_display
    defsig_rtmem_inner.o(.text) refers to defsig_general.o(.text) for __default_signal_display
    defsig_rtmem_outer.o(.text) refers to defsig_rtmem_inner.o(.text) for __rt_SIGRTMEM_inner
    defsig_rtmem_outer.o(.text) refers to defsig_exit.o(.text) for __sig_exit
    defsig_rtmem_formal.o(.text) refers to rt_raise.o(.text) for __rt_raise
    defsig_stak_inner.o(.text) refers to defsig_general.o(.text) for __default_signal_display
    defsig_pvfn_inner.o(.text) refers to defsig_general.o(.text) for __default_signal_display
    defsig_cppl_inner.o(.text) refers to defsig_general.o(.text) for __default_signal_display
    defsig_segv_inner.o(.text) refers to defsig_general.o(.text) for __default_signal_display
    defsig_other.o(.text) refers to defsig_general.o(.text) for __default_signal_display


==============================================================================

Removing Unused input sections from the image.

    Removing system_lpc11uxx.o(.emb_text), (8 bytes).
    Removing usbhw.o(.emb_text), (8 bytes).
    Removing serial.o(.emb_text), (8 bytes).
    Removing demo.o(.emb_text), (8 bytes).

4 unused section(s) (total 32 bytes) removed from the image.

==============================================================================

Image Symbol Table

    Local Symbols

    Symbol Name                              Value     Ov Type        Size  Object(Section)

    RESET                                    0x00000000   Section      192  startup_lpc11uxx.o(RESET)
    ../clib/angel/boardlib.s                 0x00000000   Number         0  boardinit3.o ABSOLUTE
    ../clib/angel/boardlib.s                 0x00000000   Number         0  boardinit1.o ABSOLUTE
    ../clib/angel/boardlib.s                 0x00000000   Number         0  boardinit2.o ABSOLUTE
    ../clib/angel/boardlib.s                 0x00000000   Number         0  boardshut.o ABSOLUTE
    ../clib/angel/handlers.s                 0x00000000   Number         0  __scatter_copy.o ABSOLUTE
    ../clib/angel/handlers.s                 0x00000000   Number         0  __scatter_zi.o ABSOLUTE
    ../clib/angel/kernel.s                   0x00000000   Number         0  __rtentry2.o ABSOLUTE
    ../clib/angel/kernel.s                   0x00000000   Number         0  rtexit2.o ABSOLUTE
    ../clib/angel/kernel.s                   0x00000000   Number         0  __rtentry.o ABSOLUTE
    ../clib/angel/kernel.s                   0x00000000   Number         0  rtexit.o ABSOLUTE
    ../clib/angel/kernel.s                   0x00000000   Number         0  __rtentry4.o ABSOLUTE
    ../clib/angel/rt.s                       0x00000000   Number         0  aeabi_idiv0_sigfpe.o ABSOLUTE
    ../clib/angel/rt.s                       0x00000000   Number         0  rt_div0.o ABSOLUTE
    ../clib/angel/rt.s                       0x00000000   Number         0  aeabi_idiv0.o ABSOLUTE
    ../clib/angel/rt.s                       0x00000000   Number         0  rt_raise.o ABSOLUTE
    ../clib/angel/scatterp.s                 0x00000000   Number         0  __scatter.o ABSOLUTE
    ../clib/angel/startup.s                  0x00000000   Number         0  __main.o ABSOLUTE
    ../clib/angel/sys.s                      0x00000000   Number         0  indicate_semi.o ABSOLUTE
    ../clib/angel/sys.s                      0x00000000   Number         0  sys_stackheap_outer.o ABSOLUTE
    ../clib/angel/sys.s                      0x00000000   Number         0  tempstk.o ABSOLUTE
    ../clib/angel/sys.s                      0x00000000   Number         0  libspace.o ABSOLUTE
    ../clib/angel/sys.s                      0x00000000   Number         0  use_no_semi.o ABSOLUTE
    ../clib/angel/sysapp.c                   0x00000000   Number         0  sys_wrch.o ABSOLUTE
    ../clib/angel/sysapp.c                   0x00000000   Number         0  sys_exit.o ABSOLUTE
    ../clib/angel/sysapp.c                   0x00000000   Number         0  sys_command.o ABSOLUTE
    ../clib/armsys.c                         0x00000000   Number         0  argv_veneer.o ABSOLUTE
    ../clib/armsys.c                         0x00000000   Number         0  no_argv.o ABSOLUTE
    ../clib/armsys.c                         0x00000000   Number         0  _get_argv_nomalloc.o ABSOLUTE
    ../clib/division.s                       0x00000000   Number         0  aeabi_sdiv_div0.o ABSOLUTE
    ../clib/division.s                       0x00000000   Number         0  aeabi_sdiv.o ABSOLUTE
    ../clib/heapalloc.c                      0x00000000   Number         0  hrguard.o ABSOLUTE
    ../clib/heapaux.c                        0x00000000   Number         0  heapauxi.o ABSOLUTE
    ../clib/libinit.s                        0x00000000   Number         0  libinit2.o ABSOLUTE
    ../clib/libinit.s                        0x00000000   Number         0  libshutdown2.o ABSOLUTE
    ../clib/libinit.s                        0x00000000   Number         0  libinit.o ABSOLUTE
    ../clib/libinit.s                        0x00000000   Number         0  libshutdown.o ABSOLUTE
    ../clib/signal.c                         0x00000000   Number         0  defsig_general.o ABSOLUTE
    ../clib/signal.c                         0x00000000   Number         0  __raise.o ABSOLUTE
    ../clib/signal.c                         0x00000000   Number         0  defsig_fpe_inner.o ABSOLUTE
    ../clib/signal.c                         0x00000000   Number         0  defsig_rtred_inner.o ABSOLUTE
    ../clib/signal.c                         0x00000000   Number         0  defsig_fpe_formal.o ABSOLUTE
    ../clib/signal.c                         0x00000000   Number         0  defsig_fpe_outer.o ABSOLUTE
    ../clib/signal.c                         0x00000000   Number         0  defsig_other.o ABSOLUTE
    ../clib/signal.c                         0x00000000   Number         0  defsig_segv_inner.o ABSOLUTE
    ../clib/signal.c                         0x00000000   Number         0  defsig_cppl_inner.o ABSOLUTE
    ../clib/signal.c                         0x00000000   Number         0  defsig_pvfn_inner.o ABSOLUTE
    ../clib/signal.c                         0x00000000   Number         0  defsig_rtmem_formal.o ABSOLUTE
    ../clib/signal.c                         0x00000000   Number         0  defsig_rtmem_outer.o ABSOLUTE
    ../clib/signal.c                         0x00000000   Number         0  defsig_rtmem_inner.o ABSOLUTE
    ../clib/signal.c                         0x00000000   Number         0  defsig_abrt_inner.o ABSOLUTE
    ../clib/signal.c                         0x00000000   Number         0  defsig_exit.o ABSOLUTE
    ../clib/signal.c                         0x00000000   Number         0  defsig_stak_inner.o ABSOLUTE
    ../clib/signal.s                         0x00000000   Number         0  defsig.o ABSOLUTE
    ../clib/stdlib.c                         0x00000000   Number         0  exit.o ABSOLUTE
    ../clib/unhosted.c                       0x00000000   Number         0  uread4.o ABSOLUTE
    ../clib/unhosted.c                       0x00000000   Number         0  uwrite4.o ABSOLUTE
    ../fplib/cfplib/fpinit.c                 0x00000000   Number         0  fpinit.o ABSOLUTE
    ..\Common\src\core_cm0.c                 0x00000000   Number         0  core_cm0.o ABSOLUTE
    ..\Common\src\startup_LPC11Uxx.s         0x00000000   Number         0  startup_lpc11uxx.o ABSOLUTE
    ..\Common\src\system_LPC11Uxx.c          0x00000000   Number         0  system_lpc11uxx.o ABSOLUTE
    ..\USBClass\CDC\cdcuser.c                0x00000000   Number         0  cdcuser.o ABSOLUTE
    ..\USBClass\HID\hiduser.c                0x00000000   Number         0  hiduser.o ABSOLUTE
    ..\USBClass\MSC\mscuser.c                0x00000000   Number         0  mscuser.o ABSOLUTE
    ..\USBCore\usbcore.c                     0x00000000   Number         0  usbcore.o ABSOLUTE
    ..\USBCore\usbhw.c                       0x00000000   Number         0  usbhw.o ABSOLUTE
    ..\\Common\\src\\system_LPC11Uxx.c       0x00000000   Number         0  system_lpc11uxx.o ABSOLUTE
    ..\\USBCore\\usbhw.c                     0x00000000   Number         0  usbhw.o ABSOLUTE
    DiskImg.c                                0x00000000   Number         0  diskimg.o ABSOLUTE
    dc.s                                     0x00000000   Number         0  dc.o ABSOLUTE
    demo.c                                   0x00000000   Number         0  demo.o ABSOLUTE
    demo.c                                   0x00000000   Number         0  demo.o ABSOLUTE
    serial.c                                 0x00000000   Number         0  serial.o ABSOLUTE
    serial.c                                 0x00000000   Number         0  serial.o ABSOLUTE
    usbdesc.c                                0x00000000   Number         0  usbdesc.o ABSOLUTE
    usbuser.c                                0x00000000   Number         0  usbuser.o ABSOLUTE
    !!!main                                  0x000000c0   Section        8  __main.o(!!!main)
    !!!scatter                               0x000000c8   Section       60  __scatter.o(!!!scatter)
    !!handler_copy                           0x00000104   Section       26  __scatter_copy.o(!!handler_copy)
    !!handler_zi                             0x00000120   Section       28  __scatter_zi.o(!!handler_zi)
    .ARM.Collect$$libinit$$00000000          0x0000013c   Section        2  libinit.o(.ARM.Collect$$libinit$$00000000)
    .ARM.Collect$$libinit$$00000002          0x0000013e   Section        0  libinit2.o(.ARM.Collect$$libinit$$00000002)
    .ARM.Collect$$libinit$$00000004          0x0000013e   Section        0  libinit2.o(.ARM.Collect$$libinit$$00000004)
    .ARM.Collect$$libinit$$0000000A          0x0000013e   Section        0  libinit2.o(.ARM.Collect$$libinit$$0000000A)
    .ARM.Collect$$libinit$$0000000C          0x0000013e   Section        0  libinit2.o(.ARM.Collect$$libinit$$0000000C)
    .ARM.Collect$$libinit$$0000000E          0x0000013e   Section        0  libinit2.o(.ARM.Collect$$libinit$$0000000E)
    .ARM.Collect$$libinit$$00000011          0x0000013e   Section        0  libinit2.o(.ARM.Collect$$libinit$$00000011)
    .ARM.Collect$$libinit$$00000013          0x0000013e   Section        0  libinit2.o(.ARM.Collect$$libinit$$00000013)
    .ARM.Collect$$libinit$$00000015          0x0000013e   Section        0  libinit2.o(.ARM.Collect$$libinit$$00000015)
    .ARM.Collect$$libinit$$00000017          0x0000013e   Section        0  libinit2.o(.ARM.Collect$$libinit$$00000017)
    .ARM.Collect$$libinit$$00000019          0x0000013e   Section        0  libinit2.o(.ARM.Collect$$libinit$$00000019)
    .ARM.Collect$$libinit$$0000001B          0x0000013e   Section        0  libinit2.o(.ARM.Collect$$libinit$$0000001B)
    .ARM.Collect$$libinit$$0000001D          0x0000013e   Section        0  libinit2.o(.ARM.Collect$$libinit$$0000001D)
    .ARM.Collect$$libinit$$0000001F          0x0000013e   Section        0  libinit2.o(.ARM.Collect$$libinit$$0000001F)
    .ARM.Collect$$libinit$$00000021          0x0000013e   Section        0  libinit2.o(.ARM.Collect$$libinit$$00000021)
    .ARM.Collect$$libinit$$00000023          0x0000013e   Section        0  libinit2.o(.ARM.Collect$$libinit$$00000023)
    .ARM.Collect$$libinit$$00000025          0x0000013e   Section        0  libinit2.o(.ARM.Collect$$libinit$$00000025)
    .ARM.Collect$$libinit$$0000002C          0x0000013e   Section        0  libinit2.o(.ARM.Collect$$libinit$$0000002C)
    .ARM.Collect$$libinit$$0000002E          0x0000013e   Section        0  libinit2.o(.ARM.Collect$$libinit$$0000002E)
    .ARM.Collect$$libinit$$00000030          0x0000013e   Section        0  libinit2.o(.ARM.Collect$$libinit$$00000030)
    .ARM.Collect$$libinit$$00000032          0x0000013e   Section        0  libinit2.o(.ARM.Collect$$libinit$$00000032)
    .ARM.Collect$$libinit$$00000033          0x0000013e   Section        2  libinit2.o(.ARM.Collect$$libinit$$00000033)
    .ARM.Collect$$libshutdown$$00000000      0x00000140   Section        2  libshutdown.o(.ARM.Collect$$libshutdown$$00000000)
    .ARM.Collect$$libshutdown$$00000002      0x00000142   Section        0  libshutdown2.o(.ARM.Collect$$libshutdown$$00000002)
    .ARM.Collect$$libshutdown$$00000004      0x00000142   Section        0  libshutdown2.o(.ARM.Collect$$libshutdown$$00000004)
    .ARM.Collect$$libshutdown$$00000007      0x00000142   Section        0  libshutdown2.o(.ARM.Collect$$libshutdown$$00000007)
    .ARM.Collect$$libshutdown$$0000000A      0x00000142   Section        0  libshutdown2.o(.ARM.Collect$$libshutdown$$0000000A)
    .ARM.Collect$$libshutdown$$0000000C      0x00000142   Section        0  libshutdown2.o(.ARM.Collect$$libshutdown$$0000000C)
    .ARM.Collect$$libshutdown$$0000000F      0x00000142   Section        0  libshutdown2.o(.ARM.Collect$$libshutdown$$0000000F)
    .ARM.Collect$$libshutdown$$00000010      0x00000142   Section        2  libshutdown2.o(.ARM.Collect$$libshutdown$$00000010)
    .ARM.Collect$$rtentry$$00000000          0x00000144   Section        0  __rtentry.o(.ARM.Collect$$rtentry$$00000000)
    .ARM.Collect$$rtentry$$00000002          0x00000144   Section        0  __rtentry2.o(.ARM.Collect$$rtentry$$00000002)
    .ARM.Collect$$rtentry$$00000004          0x00000144   Section        6  __rtentry4.o(.ARM.Collect$$rtentry$$00000004)
    .ARM.Collect$$rtentry$$00000009          0x0000014a   Section        0  __rtentry2.o(.ARM.Collect$$rtentry$$00000009)
    .ARM.Collect$$rtentry$$0000000A          0x0000014a   Section        4  __rtentry2.o(.ARM.Collect$$rtentry$$0000000A)
    .ARM.Collect$$rtentry$$0000000C          0x0000014e   Section        0  __rtentry2.o(.ARM.Collect$$rtentry$$0000000C)
    .ARM.Collect$$rtentry$$0000000D          0x0000014e   Section        8  __rtentry2.o(.ARM.Collect$$rtentry$$0000000D)
    .ARM.Collect$$rtexit$$00000000           0x00000156   Section        2  rtexit.o(.ARM.Collect$$rtexit$$00000000)
    .ARM.Collect$$rtexit$$00000002           0x00000158   Section        0  rtexit2.o(.ARM.Collect$$rtexit$$00000002)
    .ARM.Collect$$rtexit$$00000003           0x00000158   Section        4  rtexit2.o(.ARM.Collect$$rtexit$$00000003)
    .ARM.Collect$$rtexit$$00000004           0x0000015c   Section        6  rtexit2.o(.ARM.Collect$$rtexit$$00000004)
    .text                                    0x00000164   Section        0  system_lpc11uxx.o(.text)
    .text                                    0x00000324   Section       52  startup_lpc11uxx.o(.text)
    .text                                    0x00000358   Section        0  usbcore.o(.text)
    .text                                    0x00000a94   Section        0  usbhw.o(.text)
    EPAdr                                    0x0000111b   Thumb Code    14  usbhw.o(.text)
    .text                                    0x0000113c   Section        0  cdcuser.o(.text)
    .text                                    0x00001394   Section        0  hiduser.o(.text)
    .text                                    0x00001434   Section        0  mscuser.o(.text)
    .text                                    0x00001ab4   Section        0  serial.o(.text)
    .text                                    0x00001cec   Section        0  demo.o(.text)
    .text                                    0x00001e4c   Section        0  usbuser.o(.text)
    .text                                    0x00001ec0   Section        0  uread4.o(.text)
    .text                                    0x00001ee2   Section        0  uwrite4.o(.text)
    .text                                    0x00001ef2   Section      346  aeabi_sdiv.o(.text)
    .text                                    0x0000204c   Section        0  heapauxi.o(.text)
    .text                                    0x00002052   Section       62  sys_stackheap_outer.o(.text)
    .text                                    0x00002090   Section        0  exit.o(.text)
    .text                                    0x000020a0   Section        8  libspace.o(.text)
    .text                                    0x000020a8   Section        0  sys_exit.o(.text)
    .text                                    0x000020b4   Section        2  use_no_semi.o(.text)
    .text                                    0x000020b6   Section        0  indicate_semi.o(.text)
    i.__ARM_common_switch8                   0x000020b6   Section        0  system_lpc11uxx.o(i.__ARM_common_switch8)
    .constdata                               0x000020d0   Section     4096  diskimg.o(.constdata)
    .constdata                               0x000030d0   Section       20  usbuser.o(.constdata)
    .constdata                               0x000030e4   Section       44  usbdesc.o(.constdata)
    .constdata                               0x00003110   Section        2  usbdesc.o(.constdata)
    .constdata                               0x00003114   Section       18  usbdesc.o(.constdata)
    .constdata                               0x00003126   Section      131  usbdesc.o(.constdata)
    .constdata                               0x000031a9   Section      216  usbdesc.o(.constdata)
    .constdata                               0x00003281   Section       10  usbdesc.o(.constdata)
    .data                                    0x10000000   Section        4  system_lpc11uxx.o(.data)
    .data                                    0x10000004   Section       40  usbcore.o(.data)
    .data                                    0x1000002c   Section       12  usbhw.o(.data)
    .data                                    0x10000038   Section       13  cdcuser.o(.data)
    .data                                    0x10000045   Section        2  hiduser.o(.data)
    .data                                    0x10000048   Section       16  mscuser.o(.data)
    .data                                    0x10000058   Section        8  serial.o(.data)
    .data                                    0x10000060   Section        6  demo.o(.data)
    serialState                              0x10000064   Data           2  demo.o(.data)
    .data                                    0x10000066   Section        2  usbuser.o(.data)
    serialState                              0x10000066   Data           2  usbuser.o(.data)
    .data                                    0x10000068   Section        4  usbdesc.o(.data)
    .bss                                     0x1000006c   Section       64  usbcore.o(.bss)
    .bss                                     0x100000ac   Section      160  usbhw.o(.bss)
    .bss                                     0x1000014c   Section      276  cdcuser.o(.bss)
    .bss                                     0x10000260   Section     2156  mscuser.o(.bss)
    .bss                                     0x10000acc   Section      272  serial.o(.bss)
    .bss                                     0x10000bdc   Section       96  demo.o(.bss)
    serBuf                                   0x10000bdc   Data          64  demo.o(.bss)
    serBuf                                   0x10000c1c   Data          32  demo.o(.bss)
    .bss                                     0x10000c3c   Section       96  libspace.o(.bss)
    HEAP                                     0x10000ca0   Section        0  startup_lpc11uxx.o(HEAP)
    STACK                                    0x10000ca0   Section      512  startup_lpc11uxx.o(STACK)
    Heap_Mem                                 0x10000ca0   Data           0  startup_lpc11uxx.o(HEAP)
    Stack_Mem                                0x10000ca0   Data         512  startup_lpc11uxx.o(STACK)
    __initial_sp                             0x10000ea0   Data           0  startup_lpc11uxx.o(STACK)

    Global Symbols

    Symbol Name                              Value     Ov Type        Size  Object(Section)

    BuildAttributes$$THM_ISAv3M$S$PE$A:L22$X:L11$S22$IEEE1$IW$USESV6$~STKCKD$USESV7$~SHL$OSPACE$ROPI$EBA8$UX$STANDARDLIB$REQ8$PRES8$EABIv2 0x00000000   Number         0  anon$$obj.o ABSOLUTE
    __ARM_use_no_argv                        0x00000000   Number         0  demo.o ABSOLUTE
    __Vectors                                0x00000000   Data           4  startup_lpc11uxx.o(RESET)
    __ARM_exceptions_init                     - Undefined Weak Reference
    __alloca_initialize                       - Undefined Weak Reference
    __arm_preinit_                            - Undefined Weak Reference
    __cpp_initialize__aeabi_                  - Undefined Weak Reference
    __cxa_finalize                            - Undefined Weak Reference
    __rt_locale                               - Undefined Weak Reference
    __sigvec_lookup                           - Undefined Weak Reference
    _atexit_init                              - Undefined Weak Reference
    _call_atexit_fns                          - Undefined Weak Reference
    _clock_init                               - Undefined Weak Reference
    _fp_trap_init                             - Undefined Weak Reference
    _fp_trap_shutdown                         - Undefined Weak Reference
    _get_lc_collate                           - Undefined Weak Reference
    _get_lc_ctype                             - Undefined Weak Reference
    _get_lc_monetary                          - Undefined Weak Reference
    _get_lc_numeric                           - Undefined Weak Reference
    _get_lc_time                              - Undefined Weak Reference
    _getenv_init                              - Undefined Weak Reference
    _handle_redirection                       - Undefined Weak Reference
    _init_alloc                               - Undefined Weak Reference
    _init_user_alloc                          - Undefined Weak Reference
    _initio                                   - Undefined Weak Reference
    _rand_init                                - Undefined Weak Reference
    _signal_finish                            - Undefined Weak Reference
    _signal_init                              - Undefined Weak Reference
    _terminate_alloc                          - Undefined Weak Reference
    _terminate_user_alloc                     - Undefined Weak Reference
    _terminateio                              - Undefined Weak Reference
    __main                                   0x000000c1   Thumb Code     8  __main.o(!!!main)
    __scatterload                            0x000000c9   Thumb Code     0  __scatter.o(!!!scatter)
    __scatterload_rt2                        0x000000c9   Thumb Code    52  __scatter.o(!!!scatter)
    __scatterload_rt2_thumb_only             0x000000c9   Thumb Code     0  __scatter.o(!!!scatter)
    __scatterload_null                       0x000000d9   Thumb Code     0  __scatter.o(!!!scatter)
    __scatterload_copy                       0x00000105   Thumb Code    26  __scatter_copy.o(!!handler_copy)
    __scatterload_zeroinit                   0x00000121   Thumb Code    28  __scatter_zi.o(!!handler_zi)
    __rt_lib_init                            0x0000013d   Thumb Code     0  libinit.o(.ARM.Collect$$libinit$$00000000)
    __rt_lib_init_alloca_1                   0x0000013f   Thumb Code     0  libinit2.o(.ARM.Collect$$libinit$$0000002E)
    __rt_lib_init_argv_1                     0x0000013f   Thumb Code     0  libinit2.o(.ARM.Collect$$libinit$$0000002C)
    __rt_lib_init_atexit_1                   0x0000013f   Thumb Code     0  libinit2.o(.ARM.Collect$$libinit$$0000001B)
    __rt_lib_init_clock_1                    0x0000013f   Thumb Code     0  libinit2.o(.ARM.Collect$$libinit$$00000021)
    __rt_lib_init_cpp_1                      0x0000013f   Thumb Code     0  libinit2.o(.ARM.Collect$$libinit$$00000032)
    __rt_lib_init_exceptions_1               0x0000013f   Thumb Code     0  libinit2.o(.ARM.Collect$$libinit$$00000030)
    __rt_lib_init_fp_1                       0x0000013f   Thumb Code     0  libinit2.o(.ARM.Collect$$libinit$$00000002)
    __rt_lib_init_fp_trap_1                  0x0000013f   Thumb Code     0  libinit2.o(.ARM.Collect$$libinit$$0000001F)
    __rt_lib_init_getenv_1                   0x0000013f   Thumb Code     0  libinit2.o(.ARM.Collect$$libinit$$00000023)
    __rt_lib_init_heap_1                     0x0000013f   Thumb Code     0  libinit2.o(.ARM.Collect$$libinit$$0000000A)
    __rt_lib_init_lc_collate_1               0x0000013f   Thumb Code     0  libinit2.o(.ARM.Collect$$libinit$$00000011)
    __rt_lib_init_lc_ctype_1                 0x0000013f   Thumb Code     0  libinit2.o(.ARM.Collect$$libinit$$00000013)
    __rt_lib_init_lc_monetary_1              0x0000013f   Thumb Code     0  libinit2.o(.ARM.Collect$$libinit$$00000015)
    __rt_lib_init_lc_numeric_1               0x0000013f   Thumb Code     0  libinit2.o(.ARM.Collect$$libinit$$00000017)
    __rt_lib_init_lc_time_1                  0x0000013f   Thumb Code     0  libinit2.o(.ARM.Collect$$libinit$$00000019)
    __rt_lib_init_preinit_1                  0x0000013f   Thumb Code     0  libinit2.o(.ARM.Collect$$libinit$$00000004)
    __rt_lib_init_rand_1                     0x0000013f   Thumb Code     0  libinit2.o(.ARM.Collect$$libinit$$0000000E)
    __rt_lib_init_return                     0x0000013f   Thumb Code     0  libinit2.o(.ARM.Collect$$libinit$$00000033)
    __rt_lib_init_signal_1                   0x0000013f   Thumb Code     0  libinit2.o(.ARM.Collect$$libinit$$0000001D)
    __rt_lib_init_stdio_1                    0x0000013f   Thumb Code     0  libinit2.o(.ARM.Collect$$libinit$$00000025)
    __rt_lib_init_user_alloc_1               0x0000013f   Thumb Code     0  libinit2.o(.ARM.Collect$$libinit$$0000000C)
    __rt_lib_shutdown                        0x00000141   Thumb Code     0  libshutdown.o(.ARM.Collect$$libshutdown$$00000000)
    __rt_lib_shutdown_cpp_1                  0x00000143   Thumb Code     0  libshutdown2.o(.ARM.Collect$$libshutdown$$00000002)
    __rt_lib_shutdown_fp_trap_1              0x00000143   Thumb Code     0  libshutdown2.o(.ARM.Collect$$libshutdown$$00000007)
    __rt_lib_shutdown_heap_1                 0x00000143   Thumb Code     0  libshutdown2.o(.ARM.Collect$$libshutdown$$0000000F)
    __rt_lib_shutdown_return                 0x00000143   Thumb Code     0  libshutdown2.o(.ARM.Collect$$libshutdown$$00000010)
    __rt_lib_shutdown_signal_1               0x00000143   Thumb Code     0  libshutdown2.o(.ARM.Collect$$libshutdown$$0000000A)
    __rt_lib_shutdown_stdio_1                0x00000143   Thumb Code     0  libshutdown2.o(.ARM.Collect$$libshutdown$$00000004)
    __rt_lib_shutdown_user_alloc_1           0x00000143   Thumb Code     0  libshutdown2.o(.ARM.Collect$$libshutdown$$0000000C)
    __rt_entry                               0x00000145   Thumb Code     0  __rtentry.o(.ARM.Collect$$rtentry$$00000000)
    __rt_entry_presh_1                       0x00000145   Thumb Code     0  __rtentry2.o(.ARM.Collect$$rtentry$$00000002)
    __rt_entry_sh                            0x00000145   Thumb Code     0  __rtentry4.o(.ARM.Collect$$rtentry$$00000004)
    __rt_entry_li                            0x0000014b   Thumb Code     0  __rtentry2.o(.ARM.Collect$$rtentry$$0000000A)
    __rt_entry_postsh_1                      0x0000014b   Thumb Code     0  __rtentry2.o(.ARM.Collect$$rtentry$$00000009)
    __rt_entry_main                          0x0000014f   Thumb Code     0  __rtentry2.o(.ARM.Collect$$rtentry$$0000000D)
    __rt_entry_postli_1                      0x0000014f   Thumb Code     0  __rtentry2.o(.ARM.Collect$$rtentry$$0000000C)
    __rt_exit                                0x00000157   Thumb Code     0  rtexit.o(.ARM.Collect$$rtexit$$00000000)
    __rt_exit_ls                             0x00000159   Thumb Code     0  rtexit2.o(.ARM.Collect$$rtexit$$00000003)
    __rt_exit_prels_1                        0x00000159   Thumb Code     0  rtexit2.o(.ARM.Collect$$rtexit$$00000002)
    __rt_exit_exit                           0x0000015d   Thumb Code     0  rtexit2.o(.ARM.Collect$$rtexit$$00000004)
    SystemCoreClockUpdate                    0x00000165   Thumb Code   216  system_lpc11uxx.o(.text)
    SystemInit                               0x0000023d   Thumb Code   156  system_lpc11uxx.o(.text)
    Reset_Handler                            0x00000325   Thumb Code     8  startup_lpc11uxx.o(.text)
    HardFault_Handler                        0x0000032d   Thumb Code     2  startup_lpc11uxx.o(.text)
    SVC_Handler                              0x0000032f   Thumb Code     2  startup_lpc11uxx.o(.text)
    PendSV_Handler                           0x00000331   Thumb Code     2  startup_lpc11uxx.o(.text)
    SysTick_Handler                          0x00000333   Thumb Code     2  startup_lpc11uxx.o(.text)
    Reserved_IRQHandler                      0x00000335   Thumb Code     2  startup_lpc11uxx.o(.text)
    ADC_IRQHandler                           0x00000337   Thumb Code     0  startup_lpc11uxx.o(.text)
    BOD_IRQHandler                           0x00000337   Thumb Code     0  startup_lpc11uxx.o(.text)
    FLEX_INT0_IRQHandler                     0x00000337   Thumb Code     0  startup_lpc11uxx.o(.text)
    FLEX_INT1_IRQHandler                     0x00000337   Thumb Code     0  startup_lpc11uxx.o(.text)
    FLEX_INT2_IRQHandler                     0x00000337   Thumb Code     0  startup_lpc11uxx.o(.text)
    FLEX_INT3_IRQHandler                     0x00000337   Thumb Code     0  startup_lpc11uxx.o(.text)
    FLEX_INT4_IRQHandler                     0x00000337   Thumb Code     0  startup_lpc11uxx.o(.text)
    FLEX_INT5_IRQHandler                     0x00000337   Thumb Code     0  startup_lpc11uxx.o(.text)
    FLEX_INT6_IRQHandler                     0x00000337   Thumb Code     0  startup_lpc11uxx.o(.text)
    FLEX_INT7_IRQHandler                     0x00000337   Thumb Code     0  startup_lpc11uxx.o(.text)
    FMC_IRQHandler                           0x00000337   Thumb Code     0  startup_lpc11uxx.o(.text)
    GINT0_IRQHandler                         0x00000337   Thumb Code     0  startup_lpc11uxx.o(.text)
    GINT1_IRQHandler                         0x00000337   Thumb Code     0  startup_lpc11uxx.o(.text)
    I2C_IRQHandler                           0x00000337   Thumb Code     0  startup_lpc11uxx.o(.text)
    NMI_Handler                              0x00000337   Thumb Code     0  startup_lpc11uxx.o(.text)
    SSP0_IRQHandler                          0x00000337   Thumb Code     0  startup_lpc11uxx.o(.text)
    SSP1_IRQHandler                          0x00000337   Thumb Code     0  startup_lpc11uxx.o(.text)
    TIMER16_0_IRQHandler                     0x00000337   Thumb Code     0  startup_lpc11uxx.o(.text)
    TIMER16_1_IRQHandler                     0x00000337   Thumb Code     0  startup_lpc11uxx.o(.text)
    TIMER32_0_IRQHandler                     0x00000337   Thumb Code     0  startup_lpc11uxx.o(.text)
    TIMER32_1_IRQHandler                     0x00000337   Thumb Code     0  startup_lpc11uxx.o(.text)
    USBWakeup_IRQHandler                     0x00000337   Thumb Code     0  startup_lpc11uxx.o(.text)
    USB_FIQHandler                           0x00000337   Thumb Code     0  startup_lpc11uxx.o(.text)
    WDT_IRQHandler                           0x00000337   Thumb Code     0  startup_lpc11uxx.o(.text)
    __user_initial_stackheap                 0x00000339   Thumb Code     0  startup_lpc11uxx.o(.text)
    USB_ResetCore                            0x00000359   Thumb Code    20  usbcore.o(.text)
    USB_SetupStage                           0x0000036d   Thumb Code    14  usbcore.o(.text)
    USB_DataInStage                          0x0000037b   Thumb Code    36  usbcore.o(.text)
    USB_DataOutStage                         0x0000039f   Thumb Code    28  usbcore.o(.text)
    USB_StatusInStage                        0x000003bb   Thumb Code    14  usbcore.o(.text)
    USB_StatusOutStage                       0x000003c9   Thumb Code    12  usbcore.o(.text)
    USB_ReqGetStatus                         0x000003d5   Thumb Code   122  usbcore.o(.text)
    USB_ReqSetClrFeature                     0x0000044f   Thumb Code   152  usbcore.o(.text)
    USB_ReqGetDescriptor                     0x000004e7   Thumb Code   198  usbcore.o(.text)
    USB_ReqSetConfiguration                  0x000005ad   Thumb Code   328  usbcore.o(.text)
    USB_ReqSetInterface                      0x000006f5   Thumb Code   298  usbcore.o(.text)
    USB_EndPoint0                            0x0000081f   Thumb Code   620  usbcore.o(.text)
    USBIOClkConfig                           0x00000a95   Thumb Code    52  usbhw.o(.text)
    USB_GetEPCmdStatusPtr                    0x00000ac9   Thumb Code    14  usbhw.o(.text)
    USB_EPInit                               0x00000ad7   Thumb Code   152  usbhw.o(.text)
    USB_Reset                                0x00000b6f   Thumb Code    36  usbhw.o(.text)
    USB_Init                                 0x00000b93   Thumb Code    20  usbhw.o(.text)
    USB_Connect                              0x00000ba7   Thumb Code    22  usbhw.o(.text)
    USB_Suspend                              0x00000bbd   Thumb Code     2  usbhw.o(.text)
    USB_Resume                               0x00000bbf   Thumb Code     2  usbhw.o(.text)
    USB_WakeUp                               0x00000bc1   Thumb Code    22  usbhw.o(.text)
    USB_WakeUpCfg                            0x00000bd7   Thumb Code     2  usbhw.o(.text)
    USB_SetAddress                           0x00000bd9   Thumb Code    22  usbhw.o(.text)
    USB_Configure                            0x00000bef   Thumb Code    16  usbhw.o(.text)
    USB_ConfigEP                             0x00000bff   Thumb Code     2  usbhw.o(.text)
    USB_DirCtrlEP                            0x00000c01   Thumb Code     2  usbhw.o(.text)
    USB_DeactivateEP                         0x00000c03   Thumb Code    28  usbhw.o(.text)
    USB_EnableEP                             0x00000c1f   Thumb Code    92  usbhw.o(.text)
    USB_DisableEP                            0x00000c7b   Thumb Code    52  usbhw.o(.text)
    USB_ResetEP                              0x00000caf   Thumb Code    58  usbhw.o(.text)
    USB_SetStallEP                           0x00000ce9   Thumb Code    92  usbhw.o(.text)
    USB_ClrStallEP                           0x00000d45   Thumb Code   138  usbhw.o(.text)
    USB_ReadSetupEP                          0x00000dcf   Thumb Code    98  usbhw.o(.text)
    USB_ReadEP                               0x00000e31   Thumb Code   310  usbhw.o(.text)
    USB_WriteEP                              0x00000f67   Thumb Code   198  usbhw.o(.text)
    USB_GetFrame                             0x0000102d   Thumb Code    10  usbhw.o(.text)
    USB_IRQHandler                           0x00001037   Thumb Code   166  usbhw.o(.text)
    Endpoint_IsINReady                       0x000010dd   Thumb Code    62  usbhw.o(.text)
    CDC_RdOutBuf                             0x0000113d   Thumb Code    42  cdcuser.o(.text)
    CDC_WrOutBuf                             0x00001167   Thumb Code    44  cdcuser.o(.text)
    CDC_OutBufAvailChar                      0x00001193   Thumb Code    20  cdcuser.o(.text)
    CDC_GetSerialState                       0x000011a7   Thumb Code   106  cdcuser.o(.text)
    CDC_Init                                 0x00001211   Thumb Code    52  cdcuser.o(.text)
    CDC_SendEncapsulatedCommand              0x00001245   Thumb Code     4  cdcuser.o(.text)
    CDC_GetEncapsulatedResponse              0x00001249   Thumb Code     4  cdcuser.o(.text)
    CDC_SetCommFeature                       0x0000124d   Thumb Code     4  cdcuser.o(.text)
    CDC_GetCommFeature                       0x00001251   Thumb Code     4  cdcuser.o(.text)
    CDC_ClearCommFeature                     0x00001255   Thumb Code     4  cdcuser.o(.text)
    CDC_SetLineCoding                        0x00001259   Thumb Code    72  cdcuser.o(.text)
    CDC_GetLineCoding                        0x000012a1   Thumb Code    46  cdcuser.o(.text)
    CDC_SetControlLineState                  0x000012cf   Thumb Code     4  cdcuser.o(.text)
    CDC_SendBreak                            0x000012d3   Thumb Code     4  cdcuser.o(.text)
    CDC_BulkIn                               0x000012d7   Thumb Code    42  cdcuser.o(.text)
    CDC_BulkOut                              0x00001301   Thumb Code    56  cdcuser.o(.text)
    CDC_StartOfFrame                         0x00001339   Thumb Code    26  cdcuser.o(.text)
    CDC_NotificationIn                       0x00001353   Thumb Code    52  cdcuser.o(.text)
    HID_GetReport                            0x00001395   Thumb Code    40  hiduser.o(.text)
    HID_SetReport                            0x000013bd   Thumb Code    40  hiduser.o(.text)
    HID_GetIdle                              0x000013e5   Thumb Code    16  hiduser.o(.text)
    HID_SetIdle                              0x000013f5   Thumb Code    14  hiduser.o(.text)
    HID_GetProtocol                          0x00001403   Thumb Code    14  hiduser.o(.text)
    HID_SetProtocol                          0x00001411   Thumb Code    14  hiduser.o(.text)
    MSC_SetStallEP                           0x00001435   Thumb Code    38  mscuser.o(.text)
    MSC_Reset                                0x0000145b   Thumb Code    24  mscuser.o(.text)
    MSC_GetMaxLUN                            0x00001473   Thumb Code    10  mscuser.o(.text)
    MSC_MemoryRead                           0x0000147d   Thumb Code    96  mscuser.o(.text)
    MSC_SetCSW                               0x000014dd   Thumb Code    28  mscuser.o(.text)
    MSC_MemoryWrite                          0x000014f9   Thumb Code   108  mscuser.o(.text)
    MSC_MemoryVerify                         0x00001565   Thumb Code   128  mscuser.o(.text)
    MSC_RWSetup                              0x000015e5   Thumb Code   142  mscuser.o(.text)
    DataInFormat                             0x00001673   Thumb Code    48  mscuser.o(.text)
    DataInTransfer                           0x000016a3   Thumb Code    68  mscuser.o(.text)
    MSC_TestUnitReady                        0x000016e7   Thumb Code    46  mscuser.o(.text)
    MSC_RequestSense                         0x00001715   Thumb Code    74  mscuser.o(.text)
    MSC_Inquiry                              0x0000175f   Thumb Code   138  mscuser.o(.text)
    MSC_ModeSense6                           0x000017e9   Thumb Code    38  mscuser.o(.text)
    MSC_ModeSense10                          0x0000180f   Thumb Code    74  mscuser.o(.text)
    MSC_ReadCapacity                         0x00001859   Thumb Code    46  mscuser.o(.text)
    MSC_ReadFormatCapacity                   0x00001887   Thumb Code    56  mscuser.o(.text)
    MSC_GetCBW                               0x000018bf   Thumb Code   340  mscuser.o(.text)
    MSC_BulkIn                               0x00001a13   Thumb Code    62  mscuser.o(.text)
    MSC_BulkOut                              0x00001a51   Thumb Code    84  mscuser.o(.text)
    ser_OpenPort                             0x00001ab5   Thumb Code    52  serial.o(.text)
    ser_ClosePort                            0x00001ae9   Thumb Code    32  serial.o(.text)
    ser_InitPort                             0x00001b09   Thumb Code   160  serial.o(.text)
    ser_Read                                 0x00001ba9   Thumb Code    50  serial.o(.text)
    ser_Write                                0x00001bdb   Thumb Code    84  serial.o(.text)
    ser_AvailChar                            0x00001c2f   Thumb Code    40  serial.o(.text)
    ser_LineState                            0x00001c57   Thumb Code    12  serial.o(.text)
    UART_IRQHandler                          0x00001c63   Thumb Code   108  serial.o(.text)
    GetInReport                              0x00001ced   Thumb Code    34  demo.o(.text)
    SetOutReport                             0x00001d0f   Thumb Code    26  demo.o(.text)
    HID_Device_USBTask                       0x00001d29   Thumb Code    46  demo.o(.text)
    VCOM_Init                                0x00001d57   Thumb Code     8  demo.o(.text)
    VCOM_Serial2Usb                          0x00001d5f   Thumb Code    46  demo.o(.text)
    VCOM_Usb2Serial                          0x00001d8d   Thumb Code    46  demo.o(.text)
    VCOM_CheckSerialState                    0x00001dbb   Thumb Code    22  demo.o(.text)
    main                                     0x00001dd1   Thumb Code    86  demo.o(.text)
    USB_Reset_Event                          0x00001e4d   Thumb Code     8  usbuser.o(.text)
    USB_SOF_Event                            0x00001e55   Thumb Code     8  usbuser.o(.text)
    USB_EndPoint1                            0x00001e5d   Thumb Code    26  usbuser.o(.text)
    USB_EndPoint2                            0x00001e77   Thumb Code    22  usbuser.o(.text)
    USB_EndPoint3                            0x00001e8d   Thumb Code    22  usbuser.o(.text)
    USB_EndPoint4                            0x00001ea3   Thumb Code    20  usbuser.o(.text)
    __aeabi_uread4                           0x00001ec1   Thumb Code    34  uread4.o(.text)
    __rt_uread4                              0x00001ec1   Thumb Code     0  uread4.o(.text)
    __aeabi_uwrite4                          0x00001ee3   Thumb Code    16  uwrite4.o(.text)
    __rt_uwrite4                             0x00001ee3   Thumb Code     0  uwrite4.o(.text)
    __aeabi_uidiv                            0x00001ef3   Thumb Code     0  aeabi_sdiv.o(.text)
    __aeabi_uidivmod                         0x00001ef3   Thumb Code    20  aeabi_sdiv.o(.text)
    __aeabi_idiv                             0x00001f07   Thumb Code     0  aeabi_sdiv.o(.text)
    __aeabi_idivmod                          0x00001f07   Thumb Code   326  aeabi_sdiv.o(.text)
    __use_two_region_memory                  0x0000204d   Thumb Code     2  heapauxi.o(.text)
    __rt_heap_escrow$2region                 0x0000204f   Thumb Code     2  heapauxi.o(.text)
    __rt_heap_expand$2region                 0x00002051   Thumb Code     2  heapauxi.o(.text)
    __user_setup_stackheap                   0x00002053   Thumb Code    62  sys_stackheap_outer.o(.text)
    exit                                     0x00002091   Thumb Code    16  exit.o(.text)
    __user_libspace                          0x000020a1   Thumb Code     8  libspace.o(.text)
    __user_perproc_libspace                  0x000020a1   Thumb Code     0  libspace.o(.text)
    __user_perthread_libspace                0x000020a1   Thumb Code     0  libspace.o(.text)
    _sys_exit                                0x000020a9   Thumb Code     8  sys_exit.o(.text)
    __I$use$semihosting                      0x000020b5   Thumb Code     0  use_no_semi.o(.text)
    __use_no_semihosting_swi                 0x000020b5   Thumb Code     2  use_no_semi.o(.text)
    __ARM_common_switch8                     0x000020b7   Thumb Code    26  system_lpc11uxx.o(i.__ARM_common_switch8)
    __semihosting_library_function           0x000020b7   Thumb Code     0  indicate_semi.o(.text)
    DiskImage                                0x000020d0   Data        4096  diskimg.o(.constdata)
    USB_P_EP                                 0x000030d0   Data          20  usbuser.o(.constdata)
    HID_ReportDescriptor                     0x000030e4   Data          44  usbdesc.o(.constdata)
    HID_ReportDescSize                       0x00003110   Data           2  usbdesc.o(.constdata)
    USB_DeviceDescriptor                     0x00003114   Data          18  usbdesc.o(.constdata)
    USB_ConfigDescriptor                     0x00003126   Data         131  usbdesc.o(.constdata)
    USB_StringDescriptor                     0x000031a9   Data         216  usbdesc.o(.constdata)
    USB_DeviceQualifier                      0x00003281   Data          10  usbdesc.o(.constdata)
    Region$$Table$$Base                      0x0000328c   Number         0  anon$$obj.o(Region$$Table)
    Region$$Table$$Limit                     0x000032ac   Number         0  anon$$obj.o(Region$$Table)
    SystemCoreClock                          0x10000000   Data           4  system_lpc11uxx.o(.data)
    USB_DeviceAddress                        0x10000004   Data           1  usbcore.o(.data)
    USB_Configuration                        0x10000005   Data           1  usbcore.o(.data)
    USB_NumInterfaces                        0x10000006   Data           1  usbcore.o(.data)
    USB_DeviceStatus                         0x10000008   Data           2  usbcore.o(.data)
    USB_EndPointMask                         0x1000000c   Data           4  usbcore.o(.data)
    USB_EndPointHalt                         0x10000010   Data           4  usbcore.o(.data)
    USB_EndPointStall                        0x10000014   Data           4  usbcore.o(.data)
    USB_AltSetting                           0x10000018   Data           4  usbcore.o(.data)
    EP0Data                                  0x1000001c   Data           8  usbcore.o(.data)
    SetupPacket                              0x10000024   Data           8  usbcore.o(.data)
    BufferUsed                               0x1000002c   Data           4  usbhw.o(.data)
    EPActiveFlag                             0x10000030   Data           4  usbhw.o(.data)
    SOFIRQCount                              0x10000034   Data           4  usbhw.o(.data)
    CDC_SerialState                          0x10000038   Data           2  cdcuser.o(.data)
    CDC_DepInEmpty                           0x1000003a   Data           2  cdcuser.o(.data)
    CDC_DepOutPending                        0x1000003c   Data           2  cdcuser.o(.data)
    CDC_LineCoding                           0x1000003e   Data           7  cdcuser.o(.data)
    HID_Protocol                             0x10000045   Data           1  hiduser.o(.data)
    HID_IdleTime                             0x10000046   Data           1  hiduser.o(.data)
    BulkStage                                0x10000048   Data           1  mscuser.o(.data)
    BulkLen                                  0x10000049   Data           1  mscuser.o(.data)
    MemOK                                    0x1000004c   Data           4  mscuser.o(.data)
    Offset                                   0x10000050   Data           4  mscuser.o(.data)
    Length                                   0x10000054   Data           4  mscuser.o(.data)
    ser_lineState                            0x10000058   Data           2  serial.o(.data)
    ser_txRestart                            0x1000005c   Data           4  serial.o(.data)
    InReport                                 0x10000060   Data           1  demo.o(.data)
    PrevInReport                             0x10000061   Data           1  demo.o(.data)
    OutReport                                0x10000062   Data           1  demo.o(.data)
    pConfigDescriptor                        0x10000068   Data           4  usbdesc.o(.data)
    EP0Buf                                   0x1000006c   Data          64  usbcore.o(.bss)
    EPList                                   0x100000ac   Data         160  usbhw.o(.bss)
    BulkBufIn                                0x1000014c   Data          64  cdcuser.o(.bss)
    BulkBufOut                               0x1000018c   Data          64  cdcuser.o(.bss)
    NotificationBuf                          0x100001cc   Data          10  cdcuser.o(.bss)
    CDC_OutBuf                               0x100001d8   Data         136  cdcuser.o(.bss)
    Memory                                   0x10000260   Data        2048  mscuser.o(.bss)
    BulkBuf                                  0x10000a60   Data          64  mscuser.o(.bss)
    CBW                                      0x10000aa0   Data          31  mscuser.o(.bss)
    CSW                                      0x10000abf   Data          13  mscuser.o(.bss)
    ser_out                                  0x10000acc   Data         136  serial.o(.bss)
    ser_in                                   0x10000b54   Data         136  serial.o(.bss)
    __libspace_start                         0x10000c3c   Data          96  libspace.o(.bss)
    __temporary_stack_top$libspace           0x10000c9c   Data           0  libspace.o(.bss)



==============================================================================

Memory Map of the image

  Image Entry point : 0x000000c1

  Load Region LR_IROM1 (Base: 0x00000000, Size: 0x00003318, Max: 0x00010000, ABSOLUTE)

    Execution Region ER_IROM1 (Base: 0x00000000, Size: 0x000032ac, Max: 0x00010000, ABSOLUTE)

    Base Addr    Size         Type   Attr      Idx    E Section Name        Object

    0x00000000   0x000000c0   Data   RO           51    RESET               startup_lpc11uxx.o
    0x000000c0   0x00000008   Code   RO          356  * !!!main             c_p.l(__main.o)
    0x000000c8   0x0000003c   Code   RO          525    !!!scatter          c_p.l(__scatter.o)
    0x00000104   0x0000001a   Code   RO          527    !!handler_copy      c_p.l(__scatter_copy.o)
    0x0000011e   0x00000002   PAD
    0x00000120   0x0000001c   Code   RO          529    !!handler_zi        c_p.l(__scatter_zi.o)
    0x0000013c   0x00000002   Code   RO          394    .ARM.Collect$$libinit$$00000000  c_p.l(libinit.o)
    0x0000013e   0x00000000   Code   RO          408    .ARM.Collect$$libinit$$00000002  c_p.l(libinit2.o)
    0x0000013e   0x00000000   Code   RO          410    .ARM.Collect$$libinit$$00000004  c_p.l(libinit2.o)
    0x0000013e   0x00000000   Code   RO          413    .ARM.Collect$$libinit$$0000000A  c_p.l(libinit2.o)
    0x0000013e   0x00000000   Code   RO          415    .ARM.Collect$$libinit$$0000000C  c_p.l(libinit2.o)
    0x0000013e   0x00000000   Code   RO          417    .ARM.Collect$$libinit$$0000000E  c_p.l(libinit2.o)
    0x0000013e   0x00000000   Code   RO          420    .ARM.Collect$$libinit$$00000011  c_p.l(libinit2.o)
    0x0000013e   0x00000000   Code   RO          422    .ARM.Collect$$libinit$$00000013  c_p.l(libinit2.o)
    0x0000013e   0x00000000   Code   RO          424    .ARM.Collect$$libinit$$00000015  c_p.l(libinit2.o)
    0x0000013e   0x00000000   Code   RO          426    .ARM.Collect$$libinit$$00000017  c_p.l(libinit2.o)
    0x0000013e   0x00000000   Code   RO          428    .ARM.Collect$$libinit$$00000019  c_p.l(libinit2.o)
    0x0000013e   0x00000000   Code   RO          430    .ARM.Collect$$libinit$$0000001B  c_p.l(libinit2.o)
    0x0000013e   0x00000000   Code   RO          432    .ARM.Collect$$libinit$$0000001D  c_p.l(libinit2.o)
    0x0000013e   0x00000000   Code   RO          434    .ARM.Collect$$libinit$$0000001F  c_p.l(libinit2.o)
    0x0000013e   0x00000000   Code   RO          436    .ARM.Collect$$libinit$$00000021  c_p.l(libinit2.o)
    0x0000013e   0x00000000   Code   RO          438    .ARM.Collect$$libinit$$00000023  c_p.l(libinit2.o)
    0x0000013e   0x00000000   Code   RO          440    .ARM.Collect$$libinit$$00000025  c_p.l(libinit2.o)
    0x0000013e   0x00000000   Code   RO          444    .ARM.Collect$$libinit$$0000002C  c_p.l(libinit2.o)
    0x0000013e   0x00000000   Code   RO          446    .ARM.Collect$$libinit$$0000002E  c_p.l(libinit2.o)
    0x0000013e   0x00000000   Code   RO          448    .ARM.Collect$$libinit$$00000030  c_p.l(libinit2.o)
    0x0000013e   0x00000000   Code   RO          450    .ARM.Collect$$libinit$$00000032  c_p.l(libinit2.o)
    0x0000013e   0x00000002   Code   RO          451    .ARM.Collect$$libinit$$00000033  c_p.l(libinit2.o)
    0x00000140   0x00000002   Code   RO          482    .ARM.Collect$$libshutdown$$00000000  c_p.l(libshutdown.o)
    0x00000142   0x00000000   Code   RO          508    .ARM.Collect$$libshutdown$$00000002  c_p.l(libshutdown2.o)
    0x00000142   0x00000000   Code   RO          510    .ARM.Collect$$libshutdown$$00000004  c_p.l(libshutdown2.o)
    0x00000142   0x00000000   Code   RO          513    .ARM.Collect$$libshutdown$$00000007  c_p.l(libshutdown2.o)
    0x00000142   0x00000000   Code   RO          516    .ARM.Collect$$libshutdown$$0000000A  c_p.l(libshutdown2.o)
    0x00000142   0x00000000   Code   RO          518    .ARM.Collect$$libshutdown$$0000000C  c_p.l(libshutdown2.o)
    0x00000142   0x00000000   Code   RO          521    .ARM.Collect$$libshutdown$$0000000F  c_p.l(libshutdown2.o)
    0x00000142   0x00000002   Code   RO          522    .ARM.Collect$$libshutdown$$00000010  c_p.l(libshutdown2.o)
    0x00000144   0x00000000   Code   RO          358    .ARM.Collect$$rtentry$$00000000  c_p.l(__rtentry.o)
    0x00000144   0x00000000   Code   RO          364    .ARM.Collect$$rtentry$$00000002  c_p.l(__rtentry2.o)
    0x00000144   0x00000006   Code   RO          376    .ARM.Collect$$rtentry$$00000004  c_p.l(__rtentry4.o)
    0x0000014a   0x00000000   Code   RO          366    .ARM.Collect$$rtentry$$00000009  c_p.l(__rtentry2.o)
    0x0000014a   0x00000004   Code   RO          367    .ARM.Collect$$rtentry$$0000000A  c_p.l(__rtentry2.o)
    0x0000014e   0x00000000   Code   RO          369    .ARM.Collect$$rtentry$$0000000C  c_p.l(__rtentry2.o)
    0x0000014e   0x00000008   Code   RO          370    .ARM.Collect$$rtentry$$0000000D  c_p.l(__rtentry2.o)
    0x00000156   0x00000002   Code   RO          399    .ARM.Collect$$rtexit$$00000000  c_p.l(rtexit.o)
    0x00000158   0x00000000   Code   RO          455    .ARM.Collect$$rtexit$$00000002  c_p.l(rtexit2.o)
    0x00000158   0x00000004   Code   RO          456    .ARM.Collect$$rtexit$$00000003  c_p.l(rtexit2.o)
    0x0000015c   0x00000006   Code   RO          457    .ARM.Collect$$rtexit$$00000004  c_p.l(rtexit2.o)
    0x00000162   0x00000002   PAD
    0x00000164   0x000001c0   Code   RO           13    .text               system_lpc11uxx.o
    0x00000324   0x00000034   Code   RO           52    .text               startup_lpc11uxx.o
    0x00000358   0x0000073c   Code   RO           56    .text               usbcore.o
    0x00000a94   0x000006a8   Code   RO          126    .text               usbhw.o
    0x0000113c   0x00000258   Code   RO          170    .text               cdcuser.o
    0x00001394   0x000000a0   Code   RO          193    .text               hiduser.o
    0x00001434   0x00000680   Code   RO          215    .text               mscuser.o
    0x00001ab4   0x00000238   Code   RO          233    .text               serial.o
    0x00001cec   0x00000160   Code   RO          266    .text               demo.o
    0x00001e4c   0x00000074   Code   RO          306    .text               usbuser.o
    0x00001ec0   0x00000022   Code   RO          346    .text               c_p.l(uread4.o)
    0x00001ee2   0x00000010   Code   RO          348    .text               c_p.l(uwrite4.o)
    0x00001ef2   0x0000015a   Code   RO          350    .text               c_p.l(aeabi_sdiv.o)
    0x0000204c   0x00000006   Code   RO          354    .text               c_p.l(heapauxi.o)
    0x00002052   0x0000003e   Code   RO          380    .text               c_p.l(sys_stackheap_outer.o)
    0x00002090   0x00000010   Code   RO          383    .text               c_p.l(exit.o)
    0x000020a0   0x00000008   Code   RO          395    .text               c_p.l(libspace.o)
    0x000020a8   0x0000000c   Code   RO          452    .text               c_p.l(sys_exit.o)
    0x000020b4   0x00000002   Code   RO          471    .text               c_p.l(use_no_semi.o)
    0x000020b6   0x00000000   Code   RO          473    .text               c_p.l(indicate_semi.o)
    0x000020b6   0x0000001a   Code   RO           28    i.__ARM_common_switch8  system_lpc11uxx.o
    0x000020d0   0x00001000   Data   RO          252    .constdata          diskimg.o
    0x000030d0   0x00000014   Data   RO          307    .constdata          usbuser.o
    0x000030e4   0x0000002c   Data   RO          325    .constdata          usbdesc.o
    0x00003110   0x00000002   Data   RO          326    .constdata          usbdesc.o
    0x00003112   0x00000002   PAD
    0x00003114   0x00000012   Data   RO          327    .constdata          usbdesc.o
    0x00003126   0x00000083   Data   RO          328    .constdata          usbdesc.o
    0x000031a9   0x000000d8   Data   RO          329    .constdata          usbdesc.o
    0x00003281   0x0000000a   Data   RO          330    .constdata          usbdesc.o
    0x0000328b   0x00000001   PAD
    0x0000328c   0x00000020   Data   RO          523    Region$$Table       anon$$obj.o


    Execution Region RW_IRAM1 (Base: 0x10000000, Size: 0x00000ea0, Max: 0x00002000, ABSOLUTE)

    Base Addr    Size         Type   Attr      Idx    E Section Name        Object

    0x10000000   0x00000004   Data   RW           14    .data               system_lpc11uxx.o
    0x10000004   0x00000028   Data   RW           58    .data               usbcore.o
    0x1000002c   0x0000000c   Data   RW          128    .data               usbhw.o
    0x10000038   0x0000000d   Data   RW          172    .data               cdcuser.o
    0x10000045   0x00000002   Data   RW          194    .data               hiduser.o
    0x10000047   0x00000001   PAD
    0x10000048   0x00000010   Data   RW          217    .data               mscuser.o
    0x10000058   0x00000008   Data   RW          235    .data               serial.o
    0x10000060   0x00000006   Data   RW          268    .data               demo.o
    0x10000066   0x00000002   Data   RW          308    .data               usbuser.o
    0x10000068   0x00000004   Data   RW          331    .data               usbdesc.o
    0x1000006c   0x00000040   Zero   RW           57    .bss                usbcore.o
    0x100000ac   0x000000a0   Zero   RW          127    .bss                usbhw.o
    0x1000014c   0x00000114   Zero   RW          171    .bss                cdcuser.o
    0x10000260   0x0000086c   Zero   RW          216    .bss                mscuser.o
    0x10000acc   0x00000110   Zero   RW          234    .bss                serial.o
    0x10000bdc   0x00000060   Zero   RW          267    .bss                demo.o
    0x10000c3c   0x00000060   Zero   RW          396    .bss                c_p.l(libspace.o)
    0x10000c9c   0x00000004   PAD
    0x10000ca0   0x00000000   Zero   RW           50    HEAP                startup_lpc11uxx.o
    0x10000ca0   0x00000200   Zero   RW           49    STACK               startup_lpc11uxx.o


    Execution Region RW_IRAM2 (Base: 0x20004000, Size: 0x00000000, Max: 0x00000800, ABSOLUTE)

    **** No section assigned to this execution region ****


==============================================================================

Image component sizes


      Code (inc. data)   RO Data    RW Data    ZI Data      Debug   Object Name

       600         14          0         13        276       5642   cdcuser.o
         0          0          0          0          0       4500   core_cm0.o
       352         38          0          6         96       2680   demo.o
         0          0       4096          0          0        460   diskimg.o
       160         22          0          2          0       1986   hiduser.o
      1664         44          0         16       2156       5437   mscuser.o
       568         30          0          8        272       4042   serial.o
        52         22        192          0        512        624   startup_lpc11uxx.o
       474         94          0          4          0      10249   system_lpc11uxx.o
      1852         92          0         40         64      19491   usbcore.o
         0          0        421          4          0       1071   usbdesc.o
      1704         94          0         12        160      22808   usbhw.o
       116         10         20          2          0       2059   usbuser.o

    ----------------------------------------------------------------------
      7542        460       4764        108       3536      81049   Object Totals
         0          0         32          0          0          0   (incl. Generated)
         0          0          3          1          0          0   (incl. Padding)

    ----------------------------------------------------------------------

      Code (inc. data)   RO Data    RW Data    ZI Data      Debug   Library Member Name

         8          0          0          0          0         68   __main.o
         0          0          0          0          0          0   __rtentry.o
        12          0          0          0          0          0   __rtentry2.o
         6          0          0          0          0          0   __rtentry4.o
        60          8          0          0          0          0   __scatter.o
        26          0          0          0          0          0   __scatter_copy.o
        28          0          0          0          0          0   __scatter_zi.o
       346          0          0          0          0         92   aeabi_sdiv.o
        16          0          0          0          0         68   exit.o
         6          0          0          0          0        136   heapauxi.o
         0          0          0          0          0          0   indicate_semi.o
         2          0          0          0          0          0   libinit.o
         2          0          0          0          0          0   libinit2.o
         2          0          0          0          0          0   libshutdown.o
         2          0          0          0          0          0   libshutdown2.o
         8          4          0          0         96         68   libspace.o
         2          0          0          0          0          0   rtexit.o
        10          0          0          0          0          0   rtexit2.o
        12          4          0          0          0         60   sys_exit.o
        62          0          0          0          0         80   sys_stackheap_outer.o
        34          0          0          0          0         60   uread4.o
         2          0          0          0          0         68   use_no_semi.o
        16          0          0          0          0         60   uwrite4.o

    ----------------------------------------------------------------------
       666         16          0          0        100        760   Library Totals
         4          0          0          0          4          0   (incl. Padding)

    ----------------------------------------------------------------------

      Code (inc. data)   RO Data    RW Data    ZI Data      Debug   Library Name

       662         16          0          0         96        760   c_p.l

    ----------------------------------------------------------------------
       666         16          0          0        100        760   Library Totals

    ----------------------------------------------------------------------

==============================================================================


      Code (inc. data)   RO Data    RW Data    ZI Data      Debug   

      8208        476       4764        108       3636      80521   Grand Totals
      8208        476       4764        108       3636      80521   ELF Image Totals
      8208        476       4764        108          0          0   ROM Totals

==============================================================================

    Total RO  Size (Code + RO Data)                12972 (  12.67kB)
    Total RW  Size (RW Data + ZI Data)              3744 (   3.66kB)
    Total ROM Size (Code + RO Data + RW Data)      13080 (  12.77kB)

==============================================================================

